// Jest Snapshot v1, https://goo.gl/fbAQLP

exports[`CaretHeader component should render correctly 1`] = `
<View
  onPress={null}
  style={Object {}}
>
  <View
    animation="fadeIn"
    caretColor="#F93E60"
    duration={500}
    iconSize={15}
    style={
      Object {
        "borderWidth": 0,
        "elevation": 3,
        "shadowColor": "#303C46",
        "shadowOffset": Object {
          "height": 2,
          "width": 1,
        },
        "shadowOpacity": 0.3,
        "shadowRadius": 1,
      }
    }
    useNativeDriver={true}
  >
    <View
      style={
        Array [
          Object {
            "borderBottomColor": "#F93E60",
            "paddingHorizontal": 5,
          },
          Object {
            "borderBottomColor": "#F93E60",
          },
        ]
      }
    >
      <View
        style={
          Array [
            Array [
              Object {
                "alignItems": "center",
                "backgroundColor": "#E9E9EA",
                "padding": 10,
              },
              Object {},
            ],
            Object {},
          ]
        }
      />
    </View>
  </View>
</View>
`;
