// Jest Snapshot v1, https://goo.gl/fbAQLP

exports[`TMBillDetail component renders correctly 1`] = `
<View
  style={
    Array [
      Object {
        "marginHorizontal": 8,
      },
      Object {},
    ]
  }
>
  <View
    elevation={2}
    style={
      Array [
        Object {
          "backgroundColor": "#FFFFFF",
          "borderColor": "#B9C1C9",
          "borderRadius": 10,
          "borderWidth": 1,
          "shadowColor": "#303C46",
          "shadowOffset": Object {
            "height": 2,
            "width": 1,
          },
          "shadowOpacity": 0.3,
          "shadowRadius": 1,
        },
        Object {},
      ]
    }
  >
    <View
      style={undefined}
    >
      <View>
        <View
          style={Object {}}
        >
          <View
            style={
              Array [
                Object {
                  "borderTopLeftRadius": 10,
                  "borderTopRightRadius": 10,
                  "padding": 10,
                },
                Object {
                  "backgroundColor": "#FBBC1E",
                  "flexDirection": "row",
                  "justifyContent": "space-between",
                },
                Object {
                  "backgroundColor": "#FBBC1E",
                },
              ]
            }
          >
            <View
              style={
                Object {
                  "flexDirection": "column",
                }
              }
            >
              <Text
                accessible={true}
                allowFontScaling={true}
                ellipsizeMode="tail"
                style={
                  Object {
                    "backgroundColor": "transparent",
                    "color": "#FFFFFF",
                    "fontFamily": "SukhumvitSet-Bold",
                    "fontSize": 14,
                    "marginBottom": -5,
                  }
                }
              >
                Invoice Number
              </Text>
              <Text
                accessible={true}
                allowFontScaling={true}
                ellipsizeMode="tail"
                style={
                  Object {
                    "backgroundColor": "transparent",
                    "color": "#FFFFFF",
                    "fontFamily": "SukhumvitSet-Bold",
                    "fontSize": 18,
                    "marginBottom": -5,
                  }
                }
              />
            </View>
            <View
              style={
                Object {
                  "flexDirection": "row",
                }
              }
            >
              <View
                style={
                  Object {
                    "borderColor": "#FFFFFF",
                    "borderWidth": 0.5,
                    "marginRight": 10,
                  }
                }
              />
              <Text
                accessible={true}
                allowFontScaling={false}
                ellipsizeMode="tail"
                style={
                  Array [
                    Object {
                      "color": "#FFFFFF",
                      "fontSize": 30,
                    },
                    Object {
                      "alignSelf": "center",
                      "paddingHorizontal": 10,
                    },
                    Object {
                      "fontFamily": "iservice",
                      "fontStyle": "normal",
                      "fontWeight": "normal",
                    },
                  ]
                }
              >
                
              </Text>
            </View>
          </View>
        </View>
        <Text
          accessible={true}
          allowFontScaling={false}
          ellipsizeMode="tail"
          style={
            Array [
              Object {
                "color": "#FBBC1E",
                "fontSize": 30,
              },
              Array [
                Object {
                  "alignSelf": "center",
                  "backgroundColor": "transparent",
                },
                Object {
                  "bottom": 12,
                  "marginBottom": -12,
                },
                Object {},
              ],
              Object {
                "fontFamily": "iservice",
                "fontStyle": "normal",
                "fontWeight": "normal",
              },
            ]
          }
        >
          
        </Text>
      </View>
    </View>
    <View
      style={
        Object {
          "flexDirection": "row",
          "justifyContent": "space-between",
          "paddingBottom": 10,
          "paddingHorizontal": 10,
        }
      }
    >
      <Text
        accessible={true}
        allowFontScaling={true}
        ellipsizeMode="tail"
        style={
          Object {
            "backgroundColor": "transparent",
            "color": "#303C46",
            "fontFamily": "SukhumvitSet-Bold",
            "fontSize": 18,
          }
        }
      >
        Total
      </Text>
      <View
        style={
          Array [
            Object {
              "alignItems": "flex-end",
              "flexDirection": "row",
            },
            Object {},
          ]
        }
      >
        <Text
          accessible={true}
          allowFontScaling={true}
          ellipsizeMode="tail"
          style={
            Array [
              Object {
                "backgroundColor": "transparent",
                "color": "#303C46",
              },
              Array [
                Object {
                  "fontSize": 16,
                  "paddingBottom": 3,
                  "paddingRight": 3,
                },
                Object {},
              ],
              Object {
                "fontFamily": "SukhumvitSet-Bold",
              },
            ]
          }
        >
          ฿
        </Text>
        <Text
          accessible={true}
          allowFontScaling={true}
          ellipsizeMode="tail"
          style={
            Array [
              Object {
                "backgroundColor": "transparent",
                "color": "#303C46",
              },
              Array [
                Object {
                  "fontSize": 22,
                },
                Object {},
              ],
              Object {
                "fontFamily": "SukhumvitSet-Bold",
              },
            ]
          }
        >
          0
        </Text>
        <Text
          accessible={true}
          allowFontScaling={true}
          ellipsizeMode="tail"
          style={
            Array [
              Object {
                "backgroundColor": "transparent",
                "color": "#303C46",
              },
              Array [
                Object {
                  "color": "#68747E",
                  "fontSize": 14,
                  "marginBottom": -1,
                  "paddingBottom": 5,
                },
                Object {},
              ],
              Object {
                "fontFamily": "SukhumvitSet-Bold",
              },
            ]
          }
        >
          .
          00
        </Text>
      </View>
    </View>
    <Text
      accessible={true}
      allowFontScaling={true}
      ellipsizeMode="tail"
      style={
        Object {
          "alignSelf": "stretch",
          "backgroundColor": "#E9E9EA",
          "color": "#303C46",
          "fontFamily": "SukhumvitSet-Bold",
          "fontSize": 18,
          "paddingVertical": 5,
          "textAlign": "center",
        }
      }
    >
      Usage Detail
    </Text>
    <View
      style={
        Object {
          "flexDirection": "row",
          "justifyContent": "space-between",
          "paddingHorizontal": 10,
          "paddingVertical": 5,
        }
      }
    >
      <View
        style={
          Object {
            "alignItems": "center",
            "flex": 1,
            "justifyContent": "center",
            "paddingVertical": 5,
          }
        }
      >
        <Text
          accessible={true}
          allowFontScaling={true}
          ellipsizeMode="tail"
          style={
            Object {
              "backgroundColor": "transparent",
              "color": "#68747E",
              "fontFamily": "SukhumvitSet-Bold",
              "fontSize": 14,
              "marginBottom": -5,
            }
          }
        >
          Credit Limit
        </Text>
        <View
          style={
            Array [
              Object {
                "alignItems": "flex-end",
                "flexDirection": "row",
              },
              Object {},
            ]
          }
        >
          <Text
            accessible={true}
            allowFontScaling={true}
            ellipsizeMode="tail"
            style={
              Array [
                Object {
                  "backgroundColor": "transparent",
                  "color": "#303C46",
                },
                Array [
                  Object {
                    "fontSize": 16,
                    "paddingBottom": 3,
                    "paddingRight": 3,
                  },
                  Object {},
                ],
                Object {
                  "fontFamily": "SukhumvitSet-Bold",
                },
              ]
            }
          >
            ฿
          </Text>
          <Text
            accessible={true}
            allowFontScaling={true}
            ellipsizeMode="tail"
            style={
              Array [
                Object {
                  "backgroundColor": "transparent",
                  "color": "#303C46",
                },
                Array [
                  Object {
                    "fontSize": 22,
                  },
                  Object {},
                ],
                Object {
                  "fontFamily": "SukhumvitSet-Bold",
                },
              ]
            }
          >
            0
          </Text>
        </View>
      </View>
      <View
        style={
          Object {
            "borderColor": "#E9E9EA",
            "borderWidth": 0.5,
          }
        }
      />
      <View
        style={
          Object {
            "alignItems": "center",
            "flex": 1,
            "justifyContent": "center",
            "paddingVertical": 5,
          }
        }
      >
        <Text
          accessible={true}
          allowFontScaling={true}
          ellipsizeMode="tail"
          style={
            Object {
              "backgroundColor": "transparent",
              "color": "#68747E",
              "fontFamily": "SukhumvitSet-Bold",
              "fontSize": 14,
              "marginBottom": -5,
            }
          }
        >
          Exceed Usage
        </Text>
        <View
          style={
            Array [
              Object {
                "alignItems": "flex-end",
                "flexDirection": "row",
              },
              Object {},
            ]
          }
        >
          <Text
            accessible={true}
            allowFontScaling={true}
            ellipsizeMode="tail"
            style={
              Array [
                Object {
                  "backgroundColor": "transparent",
                  "color": "#303C46",
                },
                Array [
                  Object {
                    "fontSize": 16,
                    "paddingBottom": 3,
                    "paddingRight": 3,
                  },
                  Object {},
                ],
                Object {
                  "fontFamily": "SukhumvitSet-Bold",
                },
              ]
            }
          >
            ฿
          </Text>
          <Text
            accessible={true}
            allowFontScaling={true}
            ellipsizeMode="tail"
            style={
              Array [
                Object {
                  "backgroundColor": "transparent",
                  "color": "#303C46",
                },
                Array [
                  Object {
                    "fontSize": 22,
                  },
                  Object {},
                ],
                Object {
                  "fontFamily": "SukhumvitSet-Bold",
                },
              ]
            }
          >
            0
          </Text>
          <Text
            accessible={true}
            allowFontScaling={true}
            ellipsizeMode="tail"
            style={
              Array [
                Object {
                  "backgroundColor": "transparent",
                  "color": "#303C46",
                },
                Array [
                  Object {
                    "color": "#68747E",
                    "fontSize": 14,
                    "marginBottom": -1,
                    "paddingBottom": 5,
                  },
                  Object {
                    "color": "#303C46",
                    "fontSize": 24,
                    "marginBottom": -5,
                  },
                ],
                Object {
                  "fontFamily": "SukhumvitSet-Bold",
                },
              ]
            }
          >
            .
            00
          </Text>
        </View>
      </View>
    </View>
  </View>
</View>
`;
