// Jest Snapshot v1, https://goo.gl/fbAQLP

exports[`EBillAdd component renders correctly 1`] = `
<View
  style={
    Object {
      "flex": 1,
      "justifyContent": "space-between",
      "padding": 5,
    }
  }
>
  <RCTScrollView
    contentContainerStyle={
      Object {
        "paddingBottom": 20,
      }
    }
    showsVerticalScrollIndicator={false}
    style={
      Object {
        "marginBottom": 10,
        "paddingHorizontal": 12,
        "paddingTop": 5,
      }
    }
  >
    <View>
      <View
        elevation={5}
        style={
          Array [
            Object {
              "backgroundColor": "#FFFFFF",
              "borderRadius": 8,
              "flex": 1,
              "marginHorizontal": -1,
              "overflow": "hidden",
              "shadowColor": "#303C46",
              "shadowOffset": Object {
                "height": 2,
                "width": 1,
              },
              "shadowOpacity": 0.3,
              "shadowRadius": 1,
            },
            Object {
              "marginBottom": 20,
            },
          ]
        }
      >
        <View
          onPress={null}
          style={
            Array [
              Object {
                "zIndex": 1,
              },
              Object {},
            ]
          }
        >
          <View>
            <View
              style={
                Object {
                  "borderWidth": 0,
                  "elevation": 3,
                  "shadowColor": "#303C46",
                  "shadowOffset": Object {
                    "height": 2,
                    "width": 1,
                  },
                  "shadowOpacity": 0.3,
                  "shadowRadius": 1,
                }
              }
            >
              <View
                style={
                  Array [
                    Object {
                      "borderBottomColor": "#F93E60",
                      "paddingHorizontal": 5,
                    },
                    Object {
                      "borderBottomColor": "#303C46",
                    },
                  ]
                }
              >
                <View
                  style={
                    Array [
                      Array [
                        Object {
                          "alignItems": "center",
                          "backgroundColor": "#E9E9EA",
                          "padding": 10,
                        },
                        Object {
                          "backgroundColor": "#303C46",
                          "marginHorizontal": -5,
                          "padding": 10,
                        },
                      ],
                      Object {},
                    ]
                  }
                >
                  <Text
                    accessible={true}
                    allowFontScaling={true}
                    ellipsizeMode="tail"
                    style={
                      Array [
                        Object {
                          "backgroundColor": "transparent",
                          "color": "#303C46",
                        },
                        Array [
                          Object {
                            "color": "#000000",
                            "fontSize": 18,
                          },
                          Object {
                            "color": "#FFFFFF",
                          },
                        ],
                        Object {
                          "fontFamily": "SukhumvitSet-Bold",
                        },
                      ]
                    }
                  >
                    e-Bill
                  </Text>
                </View>
              </View>
            </View>
            <Text
              accessible={true}
              allowFontScaling={false}
              ellipsizeMode="tail"
              style={
                Array [
                  Object {
                    "color": "#303C46",
                    "fontSize": 24,
                  },
                  Array [
                    Object {
                      "alignSelf": "center",
                      "backgroundColor": "transparent",
                    },
                    Object {
                      "bottom": 9.6,
                      "marginBottom": -9.6,
                    },
                    Object {},
                  ],
                  Object {
                    "fontFamily": "iservice",
                    "fontStyle": "normal",
                    "fontWeight": "normal",
                  },
                ]
              }
            >
              Ó§Å
            </Text>
          </View>
        </View>
        <View
          style={
            Array [
              Object {
                "flex": 1,
                "padding": 15,
              },
              null,
            ]
          }
        >
          <View
            style={
              Object {
                "marginBottom": 5,
              }
            }
          >
            <Text
              accessible={true}
              allowFontScaling={true}
              ellipsizeMode="tail"
              style={
                Object {
                  "backgroundColor": "transparent",
                  "color": "#303C46",
                  "fontFamily": "SukhumvitSet-Bold",
                  "fontSize": 22,
                }
              }
            >
              0968730313
            </Text>
            <Text
              accessible={true}
              allowFontScaling={true}
              ellipsizeMode="tail"
              style={
                Object {
                  "backgroundColor": "transparent",
                  "color": "#FBBC1E",
                  "fontFamily": "SukhumvitSet-Bold",
                }
              }
            >
              True Move H postpaid
            </Text>
          </View>
          <View
            style={
              Object {
                "flexDirection": "row",
                "justifyContent": "space-between",
              }
            }
          >
            <Text
              accessible={true}
              allowFontScaling={true}
              ellipsizeMode="tail"
              style={
                Object {
                  "backgroundColor": "transparent",
                  "color": "#303C46",
                  "fontFamily": "SukhumvitSet-Bold",
                  "fontSize": 18,
                  "paddingTop": 4,
                }
              }
            >
              SMS
            </Text>
            <Text
              accessible={true}
              allowFontScaling={true}
              ellipsizeMode="tail"
              style={
                Object {
                  "backgroundColor": "transparent",
                  "color": "#303C46",
                  "fontFamily": "SukhumvitSet-Text",
                  "fontSize": 16,
                  "paddingTop": 4,
                }
              }
            >
              0855469856
            </Text>
            <View
              accessibilityComponentType={undefined}
              accessibilityLabel={undefined}
              accessibilityTraits={undefined}
              accessible={true}
              collapsable={undefined}
              hitSlop={undefined}
              isTVSelectable={true}
              nativeID={undefined}
              onLayout={undefined}
              onResponderGrant={[Function]}
              onResponderMove={[Function]}
              onResponderRelease={[Function]}
              onResponderTerminate={[Function]}
              onResponderTerminationRequest={[Function]}
              onStartShouldSetResponder={[Function]}
              style={
                Object {
                  "alignSelf": "stretch",
                  "backgroundColor": "transparent",
                  "borderRadius": 50,
                  "borderWidth": 0,
                  "opacity": 1,
                  "padding": 5,
                }
              }
              testID={undefined}
              tvParallaxProperties={undefined}
            >
              <View
                style={
                  Object {
                    "opacity": 1,
                  }
                }
              >
                <View
                  style={
                    Object {
                      "alignItems": "center",
                      "alignSelf": "stretch",
                      "flexDirection": "row",
                      "justifyContent": "center",
                    }
                  }
                >
                  <Text
                    accessible={true}
                    allowFontScaling={true}
                    ellipsizeMode="tail"
                    style={
                      Array [
                        Object {
                          "backgroundColor": "transparent",
                          "color": "#303C46",
                        },
                        Array [
                          Object {
                            "color": "#F93E60",
                            "fontSize": 16,
                          },
                          Object {},
                        ],
                        Object {
                          "fontFamily": "SukhumvitSet-SemiBold",
                        },
                      ]
                    }
                  >
                    Edit
                  </Text>
                </View>
              </View>
            </View>
          </View>
        </View>
      </View>
      <View
        elevation={5}
        style={
          Array [
            Object {
              "backgroundColor": "#FFFFFF",
              "borderRadius": 8,
              "flex": 1,
              "marginHorizontal": -1,
              "overflow": "hidden",
              "shadowColor": "#303C46",
              "shadowOffset": Object {
                "height": 2,
                "width": 1,
              },
              "shadowOpacity": 0.3,
              "shadowRadius": 1,
            },
            Object {},
          ]
        }
      >
        <View
          onPress={null}
          style={
            Array [
              Object {
                "zIndex": 1,
              },
              Object {},
            ]
          }
        >
          <View>
            <View
              style={
                Object {
                  "borderWidth": 0,
                  "elevation": 3,
                  "shadowColor": "#303C46",
                  "shadowOffset": Object {
                    "height": 2,
                    "width": 1,
                  },
                  "shadowOpacity": 0.3,
                  "shadowRadius": 1,
                }
              }
            >
              <View
                style={
                  Array [
                    Object {
                      "borderBottomColor": "#F93E60",
                      "paddingHorizontal": 5,
                    },
                    Object {
                      "borderBottomColor": "#303C46",
                    },
                  ]
                }
              >
                <View
                  style={
                    Array [
                      Array [
                        Object {
                          "alignItems": "center",
                          "backgroundColor": "#E9E9EA",
                          "padding": 10,
                        },
                        Object {
                          "backgroundColor": "#303C46",
                          "marginHorizontal": -5,
                          "padding": 10,
                        },
                      ],
                      Object {},
                    ]
                  }
                >
                  <Text
                    accessible={true}
                    allowFontScaling={true}
                    ellipsizeMode="tail"
                    style={
                      Array [
                        Object {
                          "backgroundColor": "transparent",
                          "color": "#303C46",
                        },
                        Array [
                          Object {
                            "color": "#000000",
                            "fontSize": 18,
                          },
                          Object {
                            "color": "#FFFFFF",
                          },
                        ],
                        Object {
                          "fontFamily": "SukhumvitSet-Bold",
                        },
                      ]
                    }
                  >
                    Paper Bill
                  </Text>
                </View>
              </View>
            </View>
            <Text
              accessible={true}
              allowFontScaling={false}
              ellipsizeMode="tail"
              style={
                Array [
                  Object {
                    "color": "#303C46",
                    "fontSize": 24,
                  },
                  Array [
                    Object {
                      "alignSelf": "center",
                      "backgroundColor": "transparent",
                    },
                    Object {
                      "bottom": 9.6,
                      "marginBottom": -9.6,
                    },
                    Object {},
                  ],
                  Object {
                    "fontFamily": "iservice",
                    "fontStyle": "normal",
                    "fontWeight": "normal",
                  },
                ]
              }
            >
              Ó§Å
            </Text>
          </View>
        </View>
        <View
          style={
            Array [
              Object {
                "flex": 1,
                "padding": 15,
              },
              null,
            ]
          }
        >
          <View
            style={
              Object {
                "marginBottom": 5,
              }
            }
          >
            <Text
              accessible={true}
              allowFontScaling={true}
              ellipsizeMode="tail"
              style={
                Object {
                  "backgroundColor": "transparent",
                  "color": "#303C46",
                  "fontFamily": "SukhumvitSet-Bold",
                  "fontSize": 22,
                }
              }
            >
              0968730312
            </Text>
            <Text
              accessible={true}
              allowFontScaling={true}
              ellipsizeMode="tail"
              style={
                Object {
                  "backgroundColor": "transparent",
                  "color": "#FBBC1E",
                  "fontFamily": "SukhumvitSet-Bold",
                }
              }
            >
              True Move H postpaid
            </Text>
          </View>
          <View
            style={
              Object {
                "marginTop": 5,
              }
            }
          >
            <View
              style={
                Object {
                  "flexDirection": "row",
                  "justifyContent": "space-between",
                }
              }
            >
              <Text
                accessible={true}
                allowFontScaling={true}
                ellipsizeMode="tail"
                style={
                  Object {
                    "backgroundColor": "transparent",
                    "color": "#303C46",
                    "fontFamily": "SukhumvitSet-Bold",
                    "fontSize": 18,
                    "paddingTop": 4,
                  }
                }
              >
                Billing Address
              </Text>
            </View>
            <Text
              accessible={true}
              allowFontScaling={true}
              ellipsizeMode="tail"
              style={
                Object {
                  "backgroundColor": "transparent",
                  "color": "#303C46",
                  "fontFamily": "SukhumvitSet-Text",
                  "fontSize": 16,
                }
              }
            >
              11/9 * * ‡∏ã‡∏≠‡∏¢‡∏û‡∏∏‡∏ó‡∏ò‡∏°‡∏ì‡∏ë‡∏•‡∏™‡∏≤‡∏¢ 2 ‡∏ã‡∏≠‡∏¢ 24 ** * * * -* ‡πÅ‡∏Ç‡∏ß‡∏á‡∏®‡∏≤‡∏•‡∏≤‡∏ò‡∏£‡∏£‡∏°‡∏™‡∏û‡∏ô‡πå * ‡πÄ‡∏Ç‡∏ï‡∏ó‡∏ß‡∏µ‡∏ß‡∏±‡∏í‡∏ô‡∏≤‡∏Å‡∏£‡∏∏‡∏á‡πÄ‡∏ó‡∏û‡∏°‡∏´‡∏≤‡∏ô‡∏Ñ‡∏£ 10170
            </Text>
          </View>
        </View>
      </View>
    </View>
  </RCTScrollView>
  <View
    style={
      Object {
        "paddingHorizontal": 10,
      }
    }
  >
    <View
      accessibilityComponentType={undefined}
      accessibilityLabel={undefined}
      accessibilityTraits={undefined}
      accessible={true}
      collapsable={undefined}
      hitSlop={undefined}
      isTVSelectable={true}
      nativeID={undefined}
      onLayout={undefined}
      onResponderGrant={[Function]}
      onResponderMove={[Function]}
      onResponderRelease={[Function]}
      onResponderTerminate={[Function]}
      onResponderTerminationRequest={[Function]}
      onStartShouldSetResponder={[Function]}
      style={
        Object {
          "alignSelf": "stretch",
          "backgroundColor": "#F93E60",
          "borderRadius": 50,
          "opacity": 1,
          "padding": 10,
        }
      }
      testID={undefined}
      tvParallaxProperties={undefined}
    >
      <View
        style={
          Object {
            "opacity": 1,
          }
        }
      >
        <View
          style={
            Object {
              "alignItems": "center",
              "alignSelf": "stretch",
              "flexDirection": "row",
              "justifyContent": "center",
            }
          }
        >
          <Text
            accessible={true}
            allowFontScaling={true}
            ellipsizeMode="tail"
            style={
              Array [
                Object {
                  "backgroundColor": "transparent",
                  "color": "#303C46",
                },
                Array [
                  Object {
                    "color": "#FFFFFF",
                    "fontSize": 16,
                  },
                  Object {},
                ],
                Object {
                  "fontFamily": "SukhumvitSet-Bold",
                },
              ]
            }
          >
            Apply e-Bill
          </Text>
        </View>
      </View>
    </View>
  </View>
</View>
`;
