// Jest Snapshot v1, https://goo.gl/fbAQLP

exports[`ServiceDetails component ServiceDetails: renders correctly 1`] = `
<View
  style={
    Object {
      "flex": 1,
      "margin": 10,
    }
  }
>
  <View
    elevation={5}
    style={
      Object {
        "borderRadius": 8,
        "flex": 1,
        "shadowColor": "#303C46",
        "shadowOffset": Object {
          "height": 2,
          "width": 1,
        },
        "shadowOpacity": 0.5,
        "shadowRadius": 2,
      }
    }
  >
    <View
      elevation={0}
      style={
        Array [
          Object {
            "backgroundColor": "#FFFFFF",
            "borderRadius": 8,
            "flex": 1,
            "marginHorizontal": -1,
            "overflow": "hidden",
            "shadowColor": "#303C46",
            "shadowOffset": Object {
              "height": 2,
              "width": 1,
            },
            "shadowOpacity": 0.3,
            "shadowRadius": 1,
          },
          Object {},
        ]
      }
    >
      <View
        onPress={null}
        style={
          Array [
            Object {
              "zIndex": 1,
            },
            Object {
              "marginBottom": -15,
            },
          ]
        }
      >
        <View>
          <View
            style={
              Object {
                "borderWidth": 0,
                "elevation": 3,
                "shadowColor": "#303C46",
                "shadowOffset": Object {
                  "height": 2,
                  "width": 1,
                },
                "shadowOpacity": 0.3,
                "shadowRadius": 1,
              }
            }
          >
            <View
              style={
                Array [
                  Object {
                    "borderBottomColor": "#F93E60",
                    "paddingHorizontal": 5,
                  },
                  Object {
                    "borderBottomColor": "#303C46",
                  },
                ]
              }
            >
              <View
                style={
                  Array [
                    Array [
                      Object {
                        "alignItems": "center",
                        "backgroundColor": "#E9E9EA",
                        "padding": 10,
                      },
                      Object {
                        "backgroundColor": "#303C46",
                        "marginHorizontal": -5,
                        "padding": 10,
                      },
                    ],
                    Object {},
                  ]
                }
              >
                <Text
                  accessible={true}
                  allowFontScaling={true}
                  ellipsizeMode="tail"
                  style={
                    Array [
                      Object {
                        "backgroundColor": "transparent",
                        "color": "#303C46",
                      },
                      Array [
                        Object {
                          "color": "#000000",
                          "fontSize": 18,
                        },
                        Object {
                          "color": "#FFFFFF",
                        },
                      ],
                      Object {
                        "fontFamily": "SukhumvitSet-Bold",
                      },
                    ]
                  }
                >
                  SomeserviceName Service
                </Text>
              </View>
            </View>
          </View>
          <Text
            accessible={true}
            allowFontScaling={false}
            ellipsizeMode="tail"
            style={
              Array [
                Object {
                  "color": "#303C46",
                  "fontSize": 24,
                },
                Array [
                  Object {
                    "alignSelf": "center",
                    "backgroundColor": "transparent",
                  },
                  Object {
                    "bottom": 9.6,
                    "marginBottom": -9.6,
                  },
                  Object {},
                ],
                Object {
                  "fontFamily": "iservice",
                  "fontStyle": "normal",
                  "fontWeight": "normal",
                },
              ]
            }
          >
            Ó§Å
          </Text>
        </View>
      </View>
      <RCTScrollView
        data={
          Array [
            "SomeProductName",
          ]
        }
        disableVirtualization={false}
        getItem={[Function]}
        getItemCount={[Function]}
        horizontal={false}
        initialNumToRender={10}
        keyExtractor={[Function]}
        maxToRenderPerBatch={10}
        numColumns={1}
        onContentSizeChange={[Function]}
        onEndReachedThreshold={2}
        onLayout={[Function]}
        onMomentumScrollEnd={[Function]}
        onScroll={[Function]}
        onScrollBeginDrag={[Function]}
        onScrollEndDrag={[Function]}
        renderItem={[Function]}
        scrollEventThrottle={50}
        stickyHeaderIndices={Array []}
        updateCellsBatchingPeriod={50}
        viewabilityConfigCallbackPairs={Array []}
        windowSize={21}
      >
        <View>
          <View
            onLayout={[Function]}
            style={null}
          >
            <View
              id={0}
              onPress={null}
            >
              <View
                animation="fadeIn"
                duration={500}
                style={
                  Array [
                    Object {
                      "alignItems": "center",
                      "flexDirection": "row",
                      "justifyContent": "space-between",
                      "paddingHorizontal": 10,
                      "paddingVertical": 15,
                    },
                    Object {
                      "backgroundColor": "#FFFFFF",
                    },
                  ]
                }
              >
                <View
                  style={Object {}}
                >
                  <Text
                    accessible={true}
                    allowFontScaling={true}
                    ellipsizeMode="tail"
                    style={
                      Object {
                        "backgroundColor": "transparent",
                        "color": "#303C46",
                        "fontFamily": "SukhumvitSet-SemiBold",
                        "fontSize": 18,
                        "marginBottom": -4,
                      }
                    }
                  >
                    SomeProductName
                  </Text>
                </View>
              </View>
            </View>
          </View>
        </View>
      </RCTScrollView>
    </View>
  </View>
</View>
`;
