// Jest Snapshot v1, https://goo.gl/fbAQLP

exports[`TMPackageDetailsExtra component renders correctly 1`] = `
<View
  style={
    Object {
      "flex": 1,
      "paddingVertical": 10,
    }
  }
>
  <View
    accessibilityLabel={undefined}
    style={
      Object {
        "alignSelf": "stretch",
        "flexGrow": 1,
      }
    }
    testID={undefined}
  >
    <View
      style={
        Array [
          Object {
            "alignItems": "flex-start",
            "flexDirection": "row",
            "zIndex": 2,
          },
          Object {
            "paddingHorizontal": 20,
          },
        ]
      }
    >
      <View
        accessibilityComponentType={undefined}
        accessibilityLabel={undefined}
        accessibilityTraits={undefined}
        accessible={true}
        collapsable={undefined}
        hitSlop={undefined}
        isTVSelectable={true}
        nativeID={undefined}
        onLayout={undefined}
        onResponderGrant={[Function]}
        onResponderMove={[Function]}
        onResponderRelease={[Function]}
        onResponderTerminate={[Function]}
        onResponderTerminationRequest={[Function]}
        onStartShouldSetResponder={[Function]}
        style={
          Object {
            "borderTopLeftRadius": 10,
            "borderTopRightRadius": 10,
            "flex": 1,
            "marginRight": 5,
            "opacity": 1,
          }
        }
        testID={undefined}
        tvParallaxProperties={undefined}
      >
        <View
          style={
            Object {
              "opacity": 1,
            }
          }
        >
          <View>
            <View
              style={
                Object {
                  "backgroundColor": "#F93E60",
                  "borderTopLeftRadius": 10,
                  "borderTopRightRadius": 10,
                  "height": 42,
                  "overflow": "hidden",
                  "paddingHorizontal": 10,
                  "paddingTop": 7,
                }
              }
            >
              <Text
                accessible={true}
                allowFontScaling={true}
                ellipsizeMode="tail"
                numberOfLines={1}
                style={
                  Object {
                    "alignSelf": "center",
                    "backgroundColor": "transparent",
                    "color": "#FFFFFF",
                    "fontFamily": "SukhumvitSet-Bold",
                    "fontSize": 18,
                    "textAlign": "center",
                  }
                }
              >
                Package Detail
              </Text>
            </View>
            <Text
              accessible={true}
              allowFontScaling={false}
              ellipsizeMode="tail"
              style={
                Array [
                  Object {
                    "color": "#F93E60",
                    "fontSize": 30,
                  },
                  Array [
                    Object {
                      "alignSelf": "center",
                      "backgroundColor": "transparent",
                    },
                    Object {
                      "bottom": 12,
                      "marginBottom": -12,
                    },
                    Object {},
                  ],
                  Object {
                    "fontFamily": "iservice",
                    "fontStyle": "normal",
                    "fontWeight": "normal",
                  },
                ]
              }
            >
              Ó§Å
            </Text>
          </View>
        </View>
      </View>
      <View
        accessibilityComponentType={undefined}
        accessibilityLabel={undefined}
        accessibilityTraits={undefined}
        accessible={true}
        collapsable={undefined}
        hitSlop={undefined}
        isTVSelectable={true}
        nativeID={undefined}
        onLayout={undefined}
        onResponderGrant={[Function]}
        onResponderMove={[Function]}
        onResponderRelease={[Function]}
        onResponderTerminate={[Function]}
        onResponderTerminationRequest={[Function]}
        onStartShouldSetResponder={[Function]}
        style={
          Object {
            "borderTopLeftRadius": 10,
            "borderTopRightRadius": 10,
            "flex": 1,
            "marginRight": 0,
            "opacity": 1,
          }
        }
        testID={undefined}
        tvParallaxProperties={undefined}
      >
        <View
          style={
            Object {
              "opacity": 1,
            }
          }
        >
          <View
            style={
              Object {
                "backgroundColor": "transparent",
                "borderRadius": 0,
                "height": 42,
                "overflow": "hidden",
                "paddingBottom": 0,
                "paddingTop": 0,
              }
            }
          >
            <View
              style={Object {}}
            >
              <Image
                getSize={[Function]}
                isBackground={false}
                onLayout={[Function]}
                resizeMode="contain"
                source={
                  Object {
                    "testUri": "../../../app/assets/deselectedTabBg.png",
                  }
                }
                style={
                  Array [
                    Object {
                      "bottom": 0,
                      "left": 0,
                      "position": "absolute",
                      "right": 0,
                      "top": 0,
                    },
                    Object {
                      "height": undefined,
                      "width": undefined,
                    },
                    undefined,
                  ]
                }
              />
              <Text
                accessible={true}
                allowFontScaling={true}
                ellipsizeMode="tail"
                numberOfLines={1}
                style={
                  Object {
                    "alignSelf": "center",
                    "backgroundColor": "transparent",
                    "color": "#000000",
                    "fontFamily": "SukhumvitSet-Bold",
                    "fontSize": 18,
                    "paddingTop": 2,
                    "textAlign": "center",
                  }
                }
              >
                Extra Package
              </Text>
            </View>
          </View>
        </View>
      </View>
    </View>
    <View
      style={
        Array [
          Object {
            "borderColor": "#F93E60",
            "borderWidth": 1,
            "marginTop": -19,
            "zIndex": 3,
          },
          Object {
            "borderColor": "#F93E60",
          },
        ]
      }
    />
    <View
      style={
        Array [
          Object {
            "alignSelf": "stretch",
            "backgroundColor": "#FFFFFF",
            "borderBottomLeftRadius": 7,
            "borderBottomRightRadius": 7,
            "paddingTop": 10,
          },
          Object {
            "backgroundColor": "transparent",
            "flex": 1,
          },
          Object {
            "shadowColor": "#303C46",
            "shadowOffset": Object {
              "height": 2,
              "width": 1,
            },
            "shadowOpacity": 0.3,
            "shadowRadius": 1,
          },
        ]
      }
    >
      <RCTScrollView
        contentContainerStyle={
          Object {
            "alignItems": "center",
            "paddingTop": 10,
          }
        }
        style={
          Object {
            "marginTop": -10,
          }
        }
      >
        <View>
          <View
            style={
              Array [
                Object {
                  "marginHorizontal": 8,
                },
                Object {
                  "alignSelf": "stretch",
                  "marginHorizontal": 8,
                  "marginVertical": 10,
                },
              ]
            }
          >
            <View
              elevation={2}
              style={
                Array [
                  Object {
                    "backgroundColor": "#FFFFFF",
                    "borderColor": "#B9C1C9",
                    "borderRadius": 10,
                    "borderWidth": 1,
                    "shadowColor": "#303C46",
                    "shadowOffset": Object {
                      "height": 2,
                      "width": 1,
                    },
                    "shadowOpacity": 0.3,
                    "shadowRadius": 1,
                  },
                  Object {},
                ]
              }
            >
              <View
                style={undefined}
              >
                <View>
                  <View
                    style={Object {}}
                  >
                    <View
                      style={
                        Array [
                          Object {
                            "borderTopLeftRadius": 10,
                            "borderTopRightRadius": 10,
                            "padding": 10,
                          },
                          Object {},
                          Object {
                            "backgroundColor": "#FBBC1E",
                          },
                        ]
                      }
                    >
                      <View
                        style={
                          Object {
                            "alignItems": "center",
                            "flexDirection": "row",
                            "justifyContent": "space-between",
                          }
                        }
                      >
                        <View
                          style={
                            Array [
                              false,
                              Object {},
                            ]
                          }
                        >
                          <Text
                            accessible={true}
                            allowFontScaling={true}
                            ellipsizeMode="tail"
                            style={
                              Array [
                                Object {
                                  "backgroundColor": "transparent",
                                  "color": "#303C46",
                                },
                                Array [
                                  Object {
                                    "color": "#FFFFFF",
                                    "fontSize": 14,
                                    "marginBottom": -5,
                                  },
                                  Object {},
                                ],
                                Object {
                                  "fontFamily": "SukhumvitSet-Bold",
                                },
                              ]
                            }
                          >
                            TrueMove H
                          </Text>
                        </View>
                      </View>
                    </View>
                  </View>
                  <Text
                    accessible={true}
                    allowFontScaling={false}
                    ellipsizeMode="tail"
                    style={
                      Array [
                        Object {
                          "color": "#FBBC1E",
                          "fontSize": 30,
                        },
                        Array [
                          Object {
                            "alignSelf": "center",
                            "backgroundColor": "transparent",
                          },
                          Object {
                            "bottom": 12,
                            "marginBottom": -12,
                          },
                          Object {},
                        ],
                        Object {
                          "fontFamily": "iservice",
                          "fontStyle": "normal",
                          "fontWeight": "normal",
                        },
                      ]
                    }
                  >
                    Ó§Å
                  </Text>
                </View>
              </View>
              <View
                style={
                  Object {
                    "paddingBottom": 10,
                    "paddingHorizontal": 10,
                  }
                }
              >
                <View
                  style={
                    Object {
                      "paddingHorizontal": 5,
                      "paddingTop": 2,
                    }
                  }
                >
                  <Text
                    accessible={true}
                    allowFontScaling={true}
                    ellipsizeMode="tail"
                    style={
                      Object {
                        "backgroundColor": "transparent",
                        "color": "#000000",
                        "fontFamily": "SukhumvitSet-Bold",
                        "fontSize": 16,
                        "textAlign": "center",
                      }
                    }
                  >
                    
                  </Text>
                </View>
              </View>
            </View>
          </View>
        </View>
      </RCTScrollView>
    </View>
  </View>
</View>
`;
