// Jest Snapshot v1, https://goo.gl/fbAQLP

exports[`ProgressBar component renders correctly 1`] = `
<View
  style={
    Array [
      Object {
        "backgroundColor": "#FFFFFF",
      },
      Object {
        "borderRadius": 4,
        "borderWidth": 0,
        "flexDirection": "row",
      },
    ]
  }
>
  <View
    style={
      Array [
        Object {
          "backgroundColor": "#F93E60",
          "flex": 100,
        },
        Object {
          "borderRadius": 4,
          "paddingVertical": 5,
        },
      ]
    }
  />
  <View
    style={
      Array [
        Object {
          "flex": 0,
        },
        Object {
          "borderBottomRightRadius": 4,
          "borderTopRightRadius": 4,
          "paddingVertical": 5,
        },
      ]
    }
  />
</View>
`;
