// Jest Snapshot v1, https://goo.gl/fbAQLP

exports[`PayOthersPostpaid component renders correctly 1`] = `
<RCTScrollView
  contentContainerStyle={
    Object {
      "padding": 10,
    }
  }
>
  <View>
    <View
      style={
        Array [
          Object {
            "marginHorizontal": 8,
          },
          Object {
            "flex": 0,
          },
        ]
      }
    >
      <View
        elevation={2}
        style={
          Array [
            Object {
              "backgroundColor": "#FFFFFF",
              "borderColor": "#B9C1C9",
              "borderRadius": 10,
              "borderWidth": 1,
              "shadowColor": "#303C46",
              "shadowOffset": Object {
                "height": 2,
                "width": 1,
              },
              "shadowOpacity": 0.3,
              "shadowRadius": 1,
            },
            Object {
              "paddingBottom": 10,
              "paddingHorizontal": 10,
            },
          ]
        }
      >
        <View
          style={
            Object {
              "alignItems": "center",
              "flexDirection": "row",
              "justifyContent": "space-between",
              "paddingLeft": 5,
              "paddingTop": 20,
            }
          }
        >
          <View>
            <Text
              accessible={true}
              allowFontScaling={true}
              ellipsizeMode="tail"
              style={
                Object {
                  "backgroundColor": "transparent",
                  "color": "#303C46",
                  "fontFamily": "SukhumvitSet-Text",
                  "fontSize": 16,
                }
              }
            >
              Total
            </Text>
            <View
              style={
                Array [
                  Object {
                    "alignItems": "flex-end",
                    "flexDirection": "row",
                  },
                  Object {
                    "marginTop": -10,
                    "padding": 0,
                  },
                ]
              }
            >
              <Text
                accessible={true}
                allowFontScaling={true}
                ellipsizeMode="tail"
                style={
                  Array [
                    Object {
                      "backgroundColor": "transparent",
                      "color": "#303C46",
                    },
                    Array [
                      Object {
                        "fontSize": 18,
                        "paddingBottom": 6,
                        "paddingRight": 3,
                      },
                      Object {},
                    ],
                    Object {
                      "fontFamily": "SukhumvitSet-Bold",
                    },
                  ]
                }
              >
                à¸¿
              </Text>
              <Text
                accessible={true}
                allowFontScaling={true}
                ellipsizeMode="tail"
                style={
                  Array [
                    Object {
                      "backgroundColor": "transparent",
                      "color": "#303C46",
                    },
                    Array [
                      Object {
                        "fontSize": 30,
                      },
                      Object {},
                    ],
                    Object {
                      "fontFamily": "SukhumvitSet-Bold",
                    },
                  ]
                }
              >
                0
              </Text>
              <Text
                accessible={true}
                allowFontScaling={true}
                ellipsizeMode="tail"
                style={
                  Array [
                    Object {
                      "backgroundColor": "transparent",
                      "color": "#303C46",
                    },
                    Array [
                      Object {
                        "color": "#68747E",
                        "fontSize": 18,
                        "paddingBottom": 5,
                      },
                      Object {},
                    ],
                    Object {
                      "fontFamily": "SukhumvitSet-Bold",
                    },
                  ]
                }
              >
                .
                00
              </Text>
            </View>
          </View>
          <View
            accessibilityComponentType={undefined}
            accessibilityLabel={undefined}
            accessibilityTraits={undefined}
            accessible={true}
            collapsable={undefined}
            hitSlop={undefined}
            isTVSelectable={true}
            nativeID={undefined}
            onLayout={undefined}
            onResponderGrant={[Function]}
            onResponderMove={[Function]}
            onResponderRelease={[Function]}
            onResponderTerminate={[Function]}
            onResponderTerminationRequest={[Function]}
            onStartShouldSetResponder={[Function]}
            style={
              Object {
                "alignSelf": "center",
                "backgroundColor": "#F93E60",
                "borderRadius": 30,
                "opacity": 1,
                "padding": 10,
                "paddingHorizontal": 25,
                "paddingVertical": 8,
              }
            }
            testID={undefined}
            tvParallaxProperties={undefined}
          >
            <View
              style={
                Object {
                  "opacity": 0.7,
                }
              }
            >
              <View
                style={
                  Object {
                    "alignItems": "center",
                    "alignSelf": "stretch",
                    "flexDirection": "row",
                    "justifyContent": "center",
                  }
                }
              >
                <Text
                  accessible={true}
                  allowFontScaling={true}
                  ellipsizeMode="tail"
                  style={
                    Array [
                      Object {
                        "backgroundColor": "transparent",
                        "color": "#303C46",
                      },
                      Array [
                        Object {
                          "color": "#FFFFFF",
                          "fontSize": 16,
                        },
                        Object {
                          "fontSize": 18,
                        },
                      ],
                      Object {
                        "fontFamily": "SukhumvitSet-Bold",
                      },
                    ]
                  }
                >
                  Pay
                </Text>
              </View>
            </View>
          </View>
        </View>
      </View>
    </View>
  </View>
</RCTScrollView>
`;
