// Jest Snapshot v1, https://goo.gl/fbAQLP

exports[`CurrentUsageTM component renders correctly 1`] = `
<View
  style={
    Object {
      "flexGrow": 1,
      "paddingTop": 5,
    }
  }
>
  <View
    style={
      Object {
        "paddingHorizontal": 10,
        "paddingTop": 5,
      }
    }
  />
  <View
    accessibilityComponentType={undefined}
    accessibilityLabel={undefined}
    accessibilityTraits={undefined}
    accessible={true}
    collapsable={undefined}
    hitSlop={undefined}
    isTVSelectable={true}
    nativeID={undefined}
    onLayout={undefined}
    onResponderGrant={[Function]}
    onResponderMove={[Function]}
    onResponderRelease={[Function]}
    onResponderTerminate={[Function]}
    onResponderTerminationRequest={[Function]}
    onStartShouldSetResponder={[Function]}
    style={
      Object {
        "alignSelf": "stretch",
        "backgroundColor": "transparent",
        "borderRadius": 50,
        "borderWidth": 0,
        "opacity": 1,
        "padding": 5,
      }
    }
    testID={undefined}
    tvParallaxProperties={undefined}
  >
    <View
      style={
        Object {
          "opacity": 1,
        }
      }
    >
      <View
        style={
          Object {
            "alignItems": "center",
            "alignSelf": "stretch",
            "flexDirection": "row",
            "justifyContent": "center",
          }
        }
      >
        <Text
          accessible={true}
          allowFontScaling={true}
          ellipsizeMode="tail"
          style={
            Array [
              Object {
                "backgroundColor": "transparent",
                "color": "#303C46",
              },
              Array [
                Object {
                  "color": "#F93E60",
                  "fontSize": 16,
                },
                Object {
                  "fontSize": 16,
                },
              ],
              Object {
                "fontFamily": "SukhumvitSet-Bold",
              },
            ]
          }
        >
          See other extra packages
        </Text>
      </View>
    </View>
  </View>
  <Modal
    animationType="none"
    hardwareAccelerated={false}
    onModalHide={[Function]}
    onRequestClose={[Function]}
    transparent={true}
    visible={false}
  >
    <View
      accessibilityComponentType={undefined}
      accessibilityLabel={undefined}
      accessibilityTraits={undefined}
      accessible={true}
      hitSlop={undefined}
      nativeID={undefined}
      onLayout={undefined}
      onResponderGrant={[Function]}
      onResponderMove={[Function]}
      onResponderRelease={[Function]}
      onResponderTerminate={[Function]}
      onResponderTerminationRequest={[Function]}
      onStartShouldSetResponder={[Function]}
      style={
        Array [
          Object {
            "backgroundColor": "black",
            "bottom": 0,
            "left": 0,
            "opacity": 0,
            "position": "absolute",
            "right": 0,
            "top": 0,
          },
          Object {
            "backgroundColor": "rgba(48,60,70,0.9)",
            "height": 1334,
            "width": 750,
          },
        ]
      }
      testID={undefined}
    />
    <View
      onModalHide={[Function]}
      pointerEvents="box-none"
      style={
        Array [
          Object {
            "margin": 37.5,
            "transform": Array [
              Object {
                "translateY": 0,
              },
            ],
          },
          Object {
            "flex": 1,
            "justifyContent": "center",
          },
          undefined,
        ]
      }
    >
      <View
        elevation={5}
        style={
          Array [
            Object {
              "backgroundColor": "#FFFFFF",
              "borderRadius": 8,
              "flex": 1,
              "marginHorizontal": -1,
              "overflow": "hidden",
              "shadowColor": "#303C46",
              "shadowOffset": Object {
                "height": 2,
                "width": 1,
              },
              "shadowOpacity": 0.3,
              "shadowRadius": 1,
            },
            Object {
              "flex": 0,
              "marginBottom": 5,
              "paddingBottom": 10,
            },
          ]
        }
      >
        <View
          onPress={null}
          style={
            Array [
              Object {
                "zIndex": 1,
              },
              Object {},
            ]
          }
        >
          <View>
            <View
              style={
                Object {
                  "borderWidth": 0,
                  "elevation": 3,
                  "shadowColor": "#303C46",
                  "shadowOffset": Object {
                    "height": 2,
                    "width": 1,
                  },
                  "shadowOpacity": 0.3,
                  "shadowRadius": 1,
                }
              }
            >
              <View
                style={
                  Array [
                    Object {
                      "borderBottomColor": "#F93E60",
                      "paddingHorizontal": 5,
                    },
                    Object {
                      "borderBottomColor": "#303C46",
                    },
                  ]
                }
              >
                <View
                  style={
                    Array [
                      Array [
                        Object {
                          "alignItems": "center",
                          "backgroundColor": "#E9E9EA",
                          "padding": 10,
                        },
                        Object {
                          "backgroundColor": "#303C46",
                          "marginHorizontal": -5,
                          "padding": 10,
                        },
                      ],
                      Object {},
                    ]
                  }
                >
                  <Text
                    accessible={true}
                    allowFontScaling={true}
                    ellipsizeMode="tail"
                    style={
                      Array [
                        Object {
                          "backgroundColor": "transparent",
                          "color": "#303C46",
                        },
                        Array [
                          Object {
                            "color": "#000000",
                            "fontSize": 18,
                          },
                          Object {
                            "color": "#FFFFFF",
                          },
                        ],
                        Object {
                          "fontFamily": "SukhumvitSet-Bold",
                        },
                      ]
                    }
                  >
                    [missing "en." translation]
                  </Text>
                </View>
              </View>
            </View>
            <Text
              accessible={true}
              allowFontScaling={false}
              ellipsizeMode="tail"
              style={
                Array [
                  Object {
                    "color": "#303C46",
                    "fontSize": 24,
                  },
                  Array [
                    Object {
                      "alignSelf": "center",
                      "backgroundColor": "transparent",
                    },
                    Object {
                      "bottom": 9.6,
                      "marginBottom": -9.6,
                    },
                    Object {},
                  ],
                  Object {
                    "fontFamily": "iservice",
                    "fontStyle": "normal",
                    "fontWeight": "normal",
                  },
                ]
              }
            >
              Ó§Å
            </Text>
          </View>
        </View>
        <RCTScrollView
          data={Array []}
          disableVirtualization={false}
          getItem={[Function]}
          getItemCount={[Function]}
          horizontal={false}
          initialNumToRender={10}
          keyExtractor={[Function]}
          maxToRenderPerBatch={10}
          numColumns={1}
          onContentSizeChange={[Function]}
          onEndReachedThreshold={2}
          onLayout={[Function]}
          onMomentumScrollEnd={[Function]}
          onScroll={[Function]}
          onScrollBeginDrag={[Function]}
          onScrollEndDrag={[Function]}
          renderItem={[Function]}
          scrollEventThrottle={50}
          stickyHeaderIndices={Array []}
          updateCellsBatchingPeriod={50}
          viewabilityConfigCallbackPairs={Array []}
          windowSize={21}
        >
          <View />
        </RCTScrollView>
      </View>
      <View
        accessibilityComponentType={undefined}
        accessibilityLabel={undefined}
        accessibilityTraits={undefined}
        accessible={true}
        collapsable={undefined}
        hitSlop={undefined}
        isTVSelectable={true}
        nativeID={undefined}
        onLayout={undefined}
        onResponderGrant={[Function]}
        onResponderMove={[Function]}
        onResponderRelease={[Function]}
        onResponderTerminate={[Function]}
        onResponderTerminationRequest={[Function]}
        onStartShouldSetResponder={[Function]}
        style={
          Object {
            "alignSelf": "stretch",
            "backgroundColor": "#F93E60",
            "borderRadius": 50,
            "opacity": 1,
            "padding": 10,
          }
        }
        testID={undefined}
        tvParallaxProperties={undefined}
      >
        <View
          style={
            Object {
              "opacity": 1,
            }
          }
        >
          <View
            style={
              Object {
                "alignItems": "center",
                "alignSelf": "stretch",
                "flexDirection": "row",
                "justifyContent": "center",
              }
            }
          >
            <Text
              accessible={true}
              allowFontScaling={true}
              ellipsizeMode="tail"
              style={
                Array [
                  Object {
                    "backgroundColor": "transparent",
                    "color": "#303C46",
                  },
                  Array [
                    Object {
                      "color": "#FFFFFF",
                      "fontSize": 16,
                    },
                    Object {},
                  ],
                  Object {
                    "fontFamily": "SukhumvitSet-Bold",
                  },
                ]
              }
            >
              Cancel
            </Text>
          </View>
        </View>
      </View>
    </View>
  </Modal>
</View>
`;
