// Jest Snapshot v1, https://goo.gl/fbAQLP

exports[`Footer component renders correctly 1`] = `
<View
  style={
    Object {
      "alignItems": "center",
      "backgroundColor": "#000000",
      "flexDirection": "row",
      "justifyContent": "space-between",
      "paddingHorizontal": 15,
      "paddingVertical": 5,
    }
  }
>
  <View>
    <Text
      accessible={true}
      allowFontScaling={true}
      ellipsizeMode="tail"
      style={
        Object {
          "backgroundColor": "transparent",
          "color": "#FFFFFF",
          "fontFamily": "SukhumvitSet-Bold",
          "fontSize": 14,
        }
      }
    >
      Change Language
    </Text>
    <View
      style={
        Object {
          "flexDirection": "row",
        }
      }
    >
      <Text
        accessible={true}
        allowFontScaling={true}
        ellipsizeMode="tail"
        onPress={[Function]}
        style={
          Object {
            "backgroundColor": "transparent",
            "color": "#FFFFFF",
            "fontFamily": "SukhumvitSet-Bold",
            "fontSize": 14,
          }
        }
      >
        EN
      </Text>
      <View
        style={
          Object {
            "borderColor": "#303C46",
            "borderWidth": 1,
            "marginHorizontal": 10,
            "marginVertical": 4,
          }
        }
      />
      <Text
        accessible={true}
        allowFontScaling={true}
        ellipsizeMode="tail"
        onPress={[Function]}
        style={
          Object {
            "backgroundColor": "transparent",
            "color": "#FFFFFF",
            "fontFamily": "SukhumvitSet-Bold",
            "fontSize": 14,
          }
        }
      >
        TH
      </Text>
    </View>
  </View>
  <View>
    <View
      accessibilityComponentType={undefined}
      accessibilityLabel={undefined}
      accessibilityTraits={undefined}
      accessible={true}
      collapsable={undefined}
      hitSlop={undefined}
      isTVSelectable={true}
      nativeID={undefined}
      onLayout={undefined}
      onResponderGrant={[Function]}
      onResponderMove={[Function]}
      onResponderRelease={[Function]}
      onResponderTerminate={[Function]}
      onResponderTerminationRequest={[Function]}
      onStartShouldSetResponder={[Function]}
      style={
        Object {
          "alignSelf": "stretch",
          "backgroundColor": "#F93E60",
          "borderRadius": 50,
          "opacity": 1,
          "padding": 10,
          "paddingHorizontal": 20,
          "paddingVertical": 3,
        }
      }
      testID={undefined}
      tvParallaxProperties={undefined}
    >
      <View
        style={
          Object {
            "opacity": 1,
          }
        }
      >
        <View
          style={
            Object {
              "alignItems": "center",
              "alignSelf": "stretch",
              "flexDirection": "row",
              "justifyContent": "center",
            }
          }
        >
          <Text
            accessible={true}
            allowFontScaling={true}
            ellipsizeMode="tail"
            style={
              Array [
                Object {
                  "backgroundColor": "transparent",
                  "color": "#303C46",
                },
                Array [
                  Object {
                    "color": "#FFFFFF",
                    "fontSize": 16,
                  },
                  Object {
                    "fontSize": 14,
                  },
                ],
                Object {
                  "fontFamily": "SukhumvitSet-Bold",
                },
              ]
            }
          >
            Landing
          </Text>
        </View>
      </View>
    </View>
  </View>
</View>
`;
