// Jest Snapshot v1, https://goo.gl/fbAQLP

exports[`PayOthersCard component renders correctly 1`] = `
<View
  style={
    Object {
      "padding": 10,
    }
  }
>
  <View
    style={
      Object {
        "backgroundColor": "#FFFFFF",
        "borderRadius": 8,
        "justifyContent": "space-between",
        "padding": 15,
        "shadowColor": "#303C46",
        "shadowOffset": Object {
          "height": 2,
          "width": 1,
        },
        "shadowOpacity": 0.3,
        "shadowRadius": 1,
      }
    }
  >
    <Text
      accessible={true}
      allowFontScaling={true}
      ellipsizeMode="tail"
      style={
        Object {
          "backgroundColor": "transparent",
          "color": "#303C46",
          "fontFamily": "SukhumvitSet-SemiBold",
          "fontSize": 16,
          "marginBottom": 10,
        }
      }
    >
      Enter Service Number
    </Text>
    <View
      accessibilityLabel={undefined}
      style={
        Array [
          Object {
            "alignSelf": "stretch",
            "backgroundColor": "#FFFFFF",
            "borderColor": "#605E71",
            "borderRadius": 4,
            "borderWidth": 2,
            "flexDirection": "row",
          },
          Object {
            "borderColor": "#B9C1C9",
            "borderRadius": 8,
            "borderWidth": 1,
            "flexDirection": "row-reverse",
            "paddingHorizontal": 5,
          },
        ]
      }
      testID={undefined}
    >
      <Text
        accessible={true}
        allowFontScaling={false}
        ellipsizeMode="tail"
        style={
          Array [
            Object {
              "color": undefined,
              "fontSize": 20,
            },
            Object {
              "alignSelf": "center",
              "backgroundColor": "transparent",
              "color": "#B9C1C9",
              "padding": 5,
            },
            Object {
              "fontFamily": "iservice",
              "fontStyle": "normal",
              "fontWeight": "normal",
            },
          ]
        }
      >
        î¤±
      </Text>
      <TextInput
        allowFontScaling={true}
        keyboardType="numeric"
        numberOfLines={1}
        onChangeText={[Function]}
        onSubmitEditing={[Function]}
        placeholder="TrueMove H, TrueOnline, TrueVisions"
        placeholderTextColor="#B9C1C9"
        style={
          Array [
            Object {
              "alignSelf": "stretch",
              "borderRadius": 4,
              "flex": 1,
              "fontSize": 16,
              "paddingHorizontal": 0,
              "paddingVertical": 10,
            },
            Object {},
          ]
        }
        underlineColorAndroid="transparent"
      />
    </View>
    <View
      accessibilityComponentType={undefined}
      accessibilityLabel={undefined}
      accessibilityTraits={undefined}
      accessible={true}
      collapsable={undefined}
      hitSlop={undefined}
      isTVSelectable={true}
      nativeID={undefined}
      onLayout={undefined}
      onResponderGrant={[Function]}
      onResponderMove={[Function]}
      onResponderRelease={[Function]}
      onResponderTerminate={[Function]}
      onResponderTerminationRequest={[Function]}
      onStartShouldSetResponder={[Function]}
      style={
        Object {
          "alignSelf": "center",
          "backgroundColor": "#F93E60",
          "borderRadius": 50,
          "marginTop": 10,
          "opacity": 1,
          "padding": 10,
          "width": 100,
        }
      }
      testID={undefined}
      tvParallaxProperties={undefined}
    >
      <View
        style={
          Object {
            "opacity": 0.7,
          }
        }
      >
        <View
          style={
            Object {
              "alignItems": "center",
              "alignSelf": "stretch",
              "flexDirection": "row",
              "justifyContent": "center",
            }
          }
        >
          <Text
            accessible={true}
            allowFontScaling={true}
            ellipsizeMode="tail"
            style={
              Array [
                Object {
                  "backgroundColor": "transparent",
                  "color": "#303C46",
                },
                Array [
                  Object {
                    "color": "#FFFFFF",
                    "fontSize": 16,
                  },
                  Object {},
                ],
                Object {
                  "fontFamily": "SukhumvitSet-Bold",
                },
              ]
            }
          >
            Next
          </Text>
        </View>
      </View>
    </View>
  </View>
</View>
`;
