// Jest Snapshot v1, https://goo.gl/fbAQLP

exports[`PaymentStatusDetails component renders correctly 1`] = `
<RCTScrollView
  contentContainerStyle={
    Object {
      "paddingBottom": 15,
      "paddingHorizontal": 15,
      "paddingTop": 25,
    }
  }
  style={
    Object {
      "marginTop": -10,
    }
  }
>
  <View>
    <View
      elevation={5}
      style={
        Array [
          Object {
            "backgroundColor": "#FFFFFF",
            "borderRadius": 8,
            "flex": 1,
            "marginHorizontal": -1,
            "overflow": "hidden",
            "shadowColor": "#303C46",
            "shadowOffset": Object {
              "height": 2,
              "width": 1,
            },
            "shadowOpacity": 0.3,
            "shadowRadius": 1,
          },
          Object {
            "flex": 0,
          },
        ]
      }
    >
      <View
        onPress={null}
        style={
          Array [
            Object {
              "zIndex": 1,
            },
            Object {},
          ]
        }
      >
        <View>
          <View
            style={
              Object {
                "borderWidth": 0,
                "elevation": 3,
                "shadowColor": "#303C46",
                "shadowOffset": Object {
                  "height": 2,
                  "width": 1,
                },
                "shadowOpacity": 0.3,
                "shadowRadius": 1,
              }
            }
          >
            <View
              style={
                Array [
                  Object {
                    "borderBottomColor": "#F93E60",
                    "paddingHorizontal": 5,
                  },
                  Object {
                    "borderBottomColor": "#303C46",
                  },
                ]
              }
            >
              <View
                style={
                  Array [
                    Array [
                      Object {
                        "alignItems": "center",
                        "backgroundColor": "#E9E9EA",
                        "padding": 10,
                      },
                      Object {
                        "backgroundColor": "#303C46",
                        "marginHorizontal": -5,
                        "padding": 10,
                      },
                    ],
                    Object {},
                  ]
                }
              >
                <Text
                  accessible={true}
                  allowFontScaling={true}
                  ellipsizeMode="tail"
                  style={
                    Array [
                      Object {
                        "backgroundColor": "transparent",
                        "color": "#303C46",
                      },
                      Array [
                        Object {
                          "color": "#000000",
                          "fontSize": 18,
                        },
                        Object {
                          "color": "#FFFFFF",
                        },
                      ],
                      Object {
                        "fontFamily": "SukhumvitSet-Bold",
                      },
                    ]
                  }
                >
                  Thank You For Your Payment
                </Text>
              </View>
            </View>
          </View>
          <Text
            accessible={true}
            allowFontScaling={false}
            ellipsizeMode="tail"
            style={
              Array [
                Object {
                  "color": "#303C46",
                  "fontSize": 24,
                },
                Array [
                  Object {
                    "alignSelf": "center",
                    "backgroundColor": "transparent",
                  },
                  Object {
                    "bottom": 9.6,
                    "marginBottom": -9.6,
                  },
                  Object {},
                ],
                Object {
                  "fontFamily": "iservice",
                  "fontStyle": "normal",
                  "fontWeight": "normal",
                },
              ]
            }
          >
            Ó§Å
          </Text>
        </View>
      </View>
      <Text
        accessible={true}
        allowFontScaling={true}
        ellipsizeMode="tail"
        style={
          Object {
            "backgroundColor": "transparent",
            "color": "#303C46",
            "fontFamily": "SukhumvitSet-Text",
            "fontSize": 16,
            "paddingBottom": 20,
            "paddingHorizontal": 10,
            "paddingTop": 10,
            "textAlign": "center",
          }
        }
      >
        Transaction is under processing
      </Text>
      <View
        style={
          Object {
            "backgroundColor": "#EDF2F6",
            "padding": 10,
          }
        }
      >
        <Text
          accessible={true}
          allowFontScaling={true}
          ellipsizeMode="tail"
          style={
            Object {
              "backgroundColor": "transparent",
              "color": "#303C46",
              "fontFamily": "SukhumvitSet-Bold",
              "fontSize": 18,
              "textAlign": "center",
            }
          }
        >
          Transaction Details
        </Text>
      </View>
      <View
        style={
          Object {
            "borderBottomWidth": 1,
            "borderColor": "#E9E9EA",
            "flexDirection": "row",
            "justifyContent": "space-between",
            "marginHorizontal": 10,
            "paddingVertical": 20,
          }
        }
      >
        <Text
          accessible={true}
          allowFontScaling={true}
          ellipsizeMode="tail"
          style={
            Object {
              "backgroundColor": "transparent",
              "color": "#303C46",
              "flex": 0,
              "fontFamily": "SukhumvitSet-SemiBold",
              "fontSize": 18,
              "marginRight": 10,
            }
          }
        >
          Transaction No. :
        </Text>
        <Text
          accessible={true}
          allowFontScaling={true}
          ellipsizeMode="tail"
          style={
            Object {
              "backgroundColor": "transparent",
              "color": "#303C46",
              "flex": 1,
              "fontFamily": "SukhumvitSet-SemiBold",
              "fontSize": 18,
              "overflow": "hidden",
              "textAlign": "right",
            }
          }
        />
      </View>
      <View
        style={
          Object {
            "borderBottomWidth": 1,
            "borderColor": "#E9E9EA",
            "flexDirection": "row",
            "justifyContent": "space-between",
            "marginHorizontal": 10,
            "paddingVertical": 20,
          }
        }
      >
        <Text
          accessible={true}
          allowFontScaling={true}
          ellipsizeMode="tail"
          style={
            Object {
              "backgroundColor": "transparent",
              "color": "#303C46",
              "flex": 0,
              "fontFamily": "SukhumvitSet-SemiBold",
              "fontSize": 18,
              "marginRight": 10,
            }
          }
        >
          Payment Date :
        </Text>
        <Text
          accessible={true}
          allowFontScaling={true}
          ellipsizeMode="tail"
          style={
            Object {
              "backgroundColor": "transparent",
              "color": "#303C46",
              "flex": 1,
              "fontFamily": "SukhumvitSet-SemiBold",
              "fontSize": 18,
              "overflow": "hidden",
              "textAlign": "right",
            }
          }
        >
          2017-11-25 12:00:00
        </Text>
      </View>
      <View
        style={
          Object {
            "borderBottomWidth": 1,
            "borderColor": "#E9E9EA",
            "flexDirection": "row",
            "justifyContent": "space-between",
            "marginHorizontal": 10,
            "paddingVertical": 20,
          }
        }
      >
        <Text
          accessible={true}
          allowFontScaling={true}
          ellipsizeMode="tail"
          style={
            Object {
              "backgroundColor": "transparent",
              "color": "#303C46",
              "flex": 0,
              "fontFamily": "SukhumvitSet-SemiBold",
              "fontSize": 18,
              "marginRight": 10,
            }
          }
        >
          Service :
        </Text>
        <View />
      </View>
      <View
        style={
          Object {
            "borderBottomWidth": 1,
            "borderColor": "#E9E9EA",
            "flexDirection": "row",
            "justifyContent": "space-between",
            "marginHorizontal": 10,
            "paddingVertical": 20,
          }
        }
      >
        <Text
          accessible={true}
          allowFontScaling={true}
          ellipsizeMode="tail"
          style={
            Object {
              "backgroundColor": "transparent",
              "color": "#303C46",
              "flex": 0,
              "fontFamily": "SukhumvitSet-SemiBold",
              "fontSize": 18,
              "marginRight": 10,
            }
          }
        >
          Service Number :
        </Text>
        <View />
      </View>
      <View
        style={
          Object {
            "borderBottomWidth": 1,
            "borderColor": "#E9E9EA",
            "flexDirection": "row",
            "justifyContent": "space-between",
            "marginHorizontal": 10,
            "paddingVertical": 20,
          }
        }
      >
        <Text
          accessible={true}
          allowFontScaling={true}
          ellipsizeMode="tail"
          style={
            Object {
              "backgroundColor": "transparent",
              "color": "#303C46",
              "flex": 0,
              "fontFamily": "SukhumvitSet-SemiBold",
              "fontSize": 18,
              "marginRight": 10,
            }
          }
        >
          Status of Transaction :
        </Text>
        <Text
          accessible={true}
          allowFontScaling={true}
          ellipsizeMode="tail"
          style={
            Object {
              "backgroundColor": "transparent",
              "color": "#303C46",
              "flex": 1,
              "fontFamily": "SukhumvitSet-SemiBold",
              "fontSize": 18,
              "overflow": "hidden",
              "textAlign": "right",
            }
          }
        />
      </View>
      <View
        style={
          Object {
            "borderBottomWidth": 1,
            "borderColor": "#E9E9EA",
            "flexDirection": "row",
            "justifyContent": "space-between",
            "marginHorizontal": 10,
            "paddingVertical": 20,
          }
        }
      >
        <Text
          accessible={true}
          allowFontScaling={true}
          ellipsizeMode="tail"
          style={
            Object {
              "backgroundColor": "transparent",
              "color": "#303C46",
              "flex": 0,
              "fontFamily": "SukhumvitSet-SemiBold",
              "fontSize": 18,
              "marginRight": 10,
            }
          }
        >
          Payment Amount TRUE :
        </Text>
        <View
          style={
            Array [
              Object {
                "alignItems": "flex-end",
                "flexDirection": "row",
              },
              Object {},
            ]
          }
        >
          <Text
            accessible={true}
            allowFontScaling={true}
            ellipsizeMode="tail"
            style={
              Array [
                Object {
                  "backgroundColor": "transparent",
                  "color": "#303C46",
                },
                Array [
                  Object {
                    "fontSize": 18,
                    "paddingBottom": 6,
                    "paddingRight": 3,
                  },
                  Object {
                    "fontSize": 16,
                  },
                ],
                Object {
                  "fontFamily": "SukhumvitSet-Bold",
                },
              ]
            }
          >
            ‡∏ø
          </Text>
          <Text
            accessible={true}
            allowFontScaling={true}
            ellipsizeMode="tail"
            style={
              Array [
                Object {
                  "backgroundColor": "transparent",
                  "color": "#303C46",
                },
                Array [
                  Object {
                    "fontSize": 30,
                  },
                  Object {
                    "fontSize": 22,
                  },
                ],
                Object {
                  "fontFamily": "SukhumvitSet-Bold",
                },
              ]
            }
          >
            0
          </Text>
          <Text
            accessible={true}
            allowFontScaling={true}
            ellipsizeMode="tail"
            style={
              Array [
                Object {
                  "backgroundColor": "transparent",
                  "color": "#303C46",
                },
                Array [
                  Object {
                    "color": "#68747E",
                    "fontSize": 18,
                    "paddingBottom": 5,
                  },
                  Object {
                    "fontSize": 16,
                  },
                ],
                Object {
                  "fontFamily": "SukhumvitSet-Bold",
                },
              ]
            }
          >
            .
            00
          </Text>
        </View>
      </View>
      <Text
        accessible={true}
        allowFontScaling={true}
        ellipsizeMode="tail"
        style={
          Object {
            "backgroundColor": "transparent",
            "color": "#303C46",
            "fontFamily": "SukhumvitSet-Text",
            "padding": 20,
            "textAlign": "center",
          }
        }
      >
        The outstanding balance of TrueMove H will be updated in 3-5 hours after successful payment.
      </Text>
    </View>
  </View>
</RCTScrollView>
`;
