// Jest Snapshot v1, https://goo.gl/fbAQLP

exports[`StoreDetails component StoreDetails: renders correctly 1`] = `
<RCTScrollView
  contentContainerStyle={
    Object {
      "paddingBottom": 20,
    }
  }
  style={
    Object {
      "paddingHorizontal": 5,
      "paddingVertical": 10,
    }
  }
>
  <View>
    <View
      elevation={2}
      style={
        Object {
          "borderRadius": 8,
          "marginHorizontal": 5,
          "shadowColor": "#303C46",
          "shadowOffset": Object {
            "height": 2,
            "width": 1,
          },
          "shadowOpacity": 0.5,
          "shadowRadius": 2,
        }
      }
    >
      <View
        elevation={0}
        style={
          Array [
            Object {
              "backgroundColor": "#FFFFFF",
              "borderRadius": 8,
              "flex": 1,
              "marginHorizontal": -1,
              "overflow": "hidden",
              "shadowColor": "#303C46",
              "shadowOffset": Object {
                "height": 2,
                "width": 1,
              },
              "shadowOpacity": 0.3,
              "shadowRadius": 1,
            },
            Object {
              "borderColor": "transparent",
              "borderRadius": 8,
            },
          ]
        }
      >
        <View
          onPress={null}
          style={
            Array [
              Object {
                "zIndex": 1,
              },
              Object {},
            ]
          }
        >
          <View>
            <View
              style={
                Object {
                  "borderWidth": 0,
                  "elevation": 3,
                  "shadowColor": "#303C46",
                  "shadowOffset": Object {
                    "height": 2,
                    "width": 1,
                  },
                  "shadowOpacity": 0.3,
                  "shadowRadius": 1,
                }
              }
            >
              <View
                style={
                  Array [
                    Object {
                      "borderBottomColor": "#F93E60",
                      "paddingHorizontal": 5,
                    },
                    Object {
                      "borderBottomColor": "#303C46",
                    },
                  ]
                }
              >
                <View
                  style={
                    Array [
                      Array [
                        Object {
                          "alignItems": "center",
                          "backgroundColor": "#E9E9EA",
                          "padding": 10,
                        },
                        Object {
                          "backgroundColor": "#303C46",
                          "marginHorizontal": -5,
                          "padding": 10,
                        },
                      ],
                      Object {},
                    ]
                  }
                />
              </View>
            </View>
            <Text
              accessible={true}
              allowFontScaling={false}
              ellipsizeMode="tail"
              style={
                Array [
                  Object {
                    "color": "#303C46",
                    "fontSize": 24,
                  },
                  Array [
                    Object {
                      "alignSelf": "center",
                      "backgroundColor": "transparent",
                    },
                    Object {
                      "bottom": 9.6,
                      "marginBottom": -9.6,
                    },
                    Object {},
                  ],
                  Object {
                    "fontFamily": "iservice",
                    "fontStyle": "normal",
                    "fontWeight": "normal",
                  },
                ]
              }
            >
              Ó§Å
            </Text>
          </View>
        </View>
        <View
          style={
            Object {
              "backgroundColor": "#FFFFFF",
              "marginTop": -12,
            }
          }
        >
          <View
            style={
              Object {
                "borderBottomColor": "#E9E9EA",
                "borderBottomWidth": 1,
                "flexDirection": "row",
                "padding": 15,
              }
            }
          >
            <Text
              accessibilityLabel="trueShopStoreDetails_label_distance_heading"
              accessible={true}
              allowFontScaling={true}
              ellipsizeMode="tail"
              style={
                Object {
                  "backgroundColor": "transparent",
                  "color": "#303C46",
                  "flex": 1,
                  "fontFamily": "SukhumvitSet-Bold",
                  "fontSize": 18,
                }
              }
              testID="trueShopStoreDetails_label_distance_heading"
            >
              Distance
            </Text>
            <Text
              accessibilityLabel="trueShopStoreDetails_label_distance_value"
              accessible={true}
              allowFontScaling={true}
              ellipsizeMode="tail"
              style={
                Object {
                  "backgroundColor": "transparent",
                  "color": "#303C46",
                  "flex": 1,
                  "fontFamily": "SukhumvitSet-Bold",
                  "fontSize": 18,
                }
              }
              testID="trueShopStoreDetails_label_distance_value"
            >
              [missing {{distance}} value] k.m.
            </Text>
          </View>
          <View
            style={
              Object {
                "flexDirection": "row",
                "justifyContent": "space-between",
                "paddingVertical": 10,
              }
            }
          >
            <View
              style={
                Object {
                  "flex": 1,
                  "paddingHorizontal": 16,
                }
              }
            >
              <View
                accessibilityComponentType={undefined}
                accessibilityLabel="trueShopStoreDetails_button_get_direction"
                accessibilityTraits={undefined}
                accessible={true}
                collapsable={undefined}
                hitSlop={undefined}
                isTVSelectable={true}
                nativeID={undefined}
                onLayout={undefined}
                onResponderGrant={[Function]}
                onResponderMove={[Function]}
                onResponderRelease={[Function]}
                onResponderTerminate={[Function]}
                onResponderTerminationRequest={[Function]}
                onStartShouldSetResponder={[Function]}
                style={
                  Object {
                    "alignSelf": "stretch",
                    "backgroundColor": "#F93E60",
                    "borderRadius": 50,
                    "opacity": 1,
                    "padding": 10,
                  }
                }
                testID="trueShopStoreDetails_button_get_direction"
                tvParallaxProperties={undefined}
              >
                <View
                  style={
                    Object {
                      "opacity": 1,
                    }
                  }
                >
                  <View
                    style={
                      Object {
                        "alignItems": "center",
                        "alignSelf": "stretch",
                        "flexDirection": "row",
                        "justifyContent": "center",
                      }
                    }
                  >
                    <Text
                      accessible={true}
                      allowFontScaling={true}
                      ellipsizeMode="tail"
                      style={
                        Array [
                          Object {
                            "backgroundColor": "transparent",
                            "color": "#303C46",
                          },
                          Array [
                            Object {
                              "color": "#FFFFFF",
                              "fontSize": 16,
                            },
                            Object {},
                          ],
                          Object {
                            "fontFamily": "SukhumvitSet-Bold",
                          },
                        ]
                      }
                    >
                      Get Direction
                    </Text>
                  </View>
                </View>
              </View>
            </View>
          </View>
        </View>
        <RCTScrollView
          data={Array []}
          disableVirtualization={false}
          getItem={[Function]}
          getItemCount={[Function]}
          horizontal={false}
          initialNumToRender={10}
          keyExtractor={[Function]}
          maxToRenderPerBatch={10}
          numColumns={1}
          onContentSizeChange={[Function]}
          onEndReachedThreshold={2}
          onLayout={[Function]}
          onMomentumScrollEnd={[Function]}
          onScroll={[Function]}
          onScrollBeginDrag={[Function]}
          onScrollEndDrag={[Function]}
          renderItem={[Function]}
          scrollEventThrottle={50}
          stickyHeaderIndices={Array []}
          updateCellsBatchingPeriod={50}
          viewabilityConfigCallbackPairs={Array []}
          windowSize={21}
        >
          <View />
        </RCTScrollView>
      </View>
    </View>
  </View>
</RCTScrollView>
`;
