// Jest Snapshot v1, https://goo.gl/fbAQLP

exports[`Landing component renders correctly 1`] = `
<RCTScrollView
  automaticallyAdjustContentInsets={false}
  contentContainerStyle={
    Object {
      "backgroundColor": "#FFFFFF",
      "flexDirection": "column",
      "flexGrow": 1,
      "justifyContent": "space-between",
    }
  }
  contentInset={
    Object {
      "bottom": 0,
    }
  }
  enableAutoAutomaticScroll={true}
  enableResetScrollToCoords={true}
  extraHeight={75}
  extraScrollHeight={0}
  keyboardDismissMode="interactive"
  keyboardOpeningTime={250}
  onScroll={[Function]}
  overScrollMode="auto"
  scrollEventThrottle={0}
  showsVerticalScrollIndicator={true}
>
  <View>
    <View
      style={Object {}}
    >
      <Image
        getSize={[Function]}
        isBackground={false}
        onLayout={[Function]}
        resizeMode="contain"
        source={
          Object {
            "testUri": "../../../app/assets/bannerArea.png",
          }
        }
        style={
          Array [
            Object {
              "bottom": 0,
              "left": 0,
              "position": "absolute",
              "right": 0,
              "top": 0,
            },
            Object {
              "height": undefined,
              "width": undefined,
            },
            undefined,
          ]
        }
      />
    </View>
    <View
      elevation={2}
      style={
        Array [
          Object {
            "backgroundColor": "#FFFFFF",
            "borderRadius": 8,
            "flex": 1,
            "marginHorizontal": -1,
            "overflow": "hidden",
            "shadowColor": "#303C46",
            "shadowOffset": Object {
              "height": 2,
              "width": 1,
            },
            "shadowOpacity": 0.3,
            "shadowRadius": 1,
          },
          Object {
            "borderRadius": 8,
            "marginHorizontal": 10,
            "marginTop": -45,
            "shadowColor": "#303C46",
            "shadowOffset": Object {
              "height": 2,
              "width": 1,
            },
            "shadowOpacity": 0.5,
            "shadowRadius": 2,
          },
        ]
      }
    >
      <View
        onPress={null}
        style={
          Array [
            Object {
              "zIndex": 1,
            },
            Object {},
          ]
        }
      >
        <View>
          <View
            style={
              Object {
                "borderWidth": 0,
                "elevation": 3,
                "shadowColor": "#303C46",
                "shadowOffset": Object {
                  "height": 2,
                  "width": 1,
                },
                "shadowOpacity": 0.3,
                "shadowRadius": 1,
              }
            }
          >
            <View
              style={
                Array [
                  Object {
                    "borderBottomColor": "#F93E60",
                    "paddingHorizontal": 5,
                  },
                  Object {
                    "borderBottomColor": "#303C46",
                  },
                ]
              }
            >
              <View
                style={
                  Array [
                    Array [
                      Object {
                        "alignItems": "center",
                        "backgroundColor": "#E9E9EA",
                        "padding": 10,
                      },
                      Object {
                        "backgroundColor": "#303C46",
                        "marginHorizontal": -5,
                        "padding": 8,
                      },
                    ],
                    Object {},
                  ]
                }
              >
                <Text
                  accessible={true}
                  allowFontScaling={true}
                  ellipsizeMode="tail"
                  style={
                    Array [
                      Object {
                        "backgroundColor": "transparent",
                        "color": "#303C46",
                      },
                      Array [
                        Object {
                          "color": "#000000",
                          "fontSize": 18,
                        },
                        Object {
                          "color": "#FFFFFF",
                        },
                      ],
                      Object {
                        "fontFamily": "SukhumvitSet-Bold",
                      },
                    ]
                  }
                >
                  Easy Payment & Top Up
                </Text>
              </View>
            </View>
          </View>
          <Text
            accessible={true}
            allowFontScaling={false}
            ellipsizeMode="tail"
            style={
              Array [
                Object {
                  "color": "#303C46",
                  "fontSize": 24,
                },
                Array [
                  Object {
                    "alignSelf": "center",
                    "backgroundColor": "transparent",
                  },
                  Object {
                    "bottom": 9.6,
                    "marginBottom": -9.6,
                  },
                  Object {},
                ],
                Object {
                  "fontFamily": "iservice",
                  "fontStyle": "normal",
                  "fontWeight": "normal",
                },
              ]
            }
          >
            Ó§Å
          </Text>
        </View>
      </View>
      <View
        style={
          Object {
            "borderBottomLeftRadius": 8,
            "borderBottomRightRadius": 8,
            "borderColor": "#CFCFD1",
            "borderWidth": 1,
            "marginTop": -15,
            "paddingTop": 21,
          }
        }
      >
        <View
          style={
            Object {
              "alignSelf": "stretch",
              "flexGrow": 1,
              "justifyContent": "space-around",
              "paddingBottom": 0,
              "paddingHorizontal": 20,
              "paddingTop": 0,
            }
          }
        >
          <View
            accessibilityLabel={undefined}
            style={
              Array [
                Object {
                  "alignSelf": "stretch",
                  "backgroundColor": "#FFFFFF",
                  "borderColor": "#605E71",
                  "borderRadius": 4,
                  "borderWidth": 2,
                  "flexDirection": "row",
                },
                Object {
                  "borderColor": "#B9C1C9",
                  "borderWidth": 1,
                },
                Object {
                  "borderRadius": 8,
                },
              ]
            }
            testID={undefined}
          >
            <Text
              accessible={true}
              allowFontScaling={false}
              ellipsizeMode="tail"
              style={
                Array [
                  Object {
                    "color": undefined,
                    "fontSize": 35,
                  },
                  Object {
                    "alignSelf": "center",
                    "backgroundColor": "transparent",
                    "color": "#B9C1C9",
                    "padding": 5,
                  },
                  Object {
                    "fontFamily": "iservice",
                    "fontStyle": "normal",
                    "fontWeight": "normal",
                  },
                ]
              }
            >
              
            </Text>
            <TextInput
              allowFontScaling={true}
              defaultValue={null}
              multiline={false}
              onChangeText={[Function]}
              placeholder="Enter Mobile / Service number"
              placeholderTextColor="#B9C1C9"
              style={
                Array [
                  Object {
                    "alignSelf": "stretch",
                    "borderRadius": 4,
                    "flex": 1,
                    "fontSize": 16,
                    "paddingHorizontal": 0,
                    "paddingVertical": 10,
                  },
                  Object {
                    "paddingVertical": 10,
                    "textAlign": "center",
                  },
                ]
              }
              underlineColorAndroid="transparent"
            />
          </View>
          <Text
            accessible={true}
            allowFontScaling={true}
            ellipsizeMode="tail"
            style={
              Array [
                Object {
                  "backgroundColor": "transparent",
                  "color": "#303C46",
                },
                Array [
                  Object {
                    "color": "#F93E60",
                    "fontSize": 14,
                    "paddingBottom": 10,
                    "paddingVertical": 5,
                    "textAlign": "center",
                  },
                  Object {
                    "alignItems": "center",
                    "justifyContent": "center",
                    "paddingVertical": 10,
                  },
                ],
                Object {
                  "fontFamily": "SukhumvitSet-SemiBold",
                },
              ]
            }
          >
            Invalid TrueMove H / Service Number
          </Text>
          <View
            accessibilityComponentType={undefined}
            accessibilityLabel="Landing_LoginButton"
            accessibilityTraits={undefined}
            accessible={true}
            collapsable={undefined}
            hitSlop={undefined}
            isTVSelectable={true}
            nativeID={undefined}
            onLayout={undefined}
            onResponderGrant={[Function]}
            onResponderMove={[Function]}
            onResponderRelease={[Function]}
            onResponderTerminate={[Function]}
            onResponderTerminationRequest={[Function]}
            onStartShouldSetResponder={[Function]}
            style={
              Object {
                "alignSelf": "stretch",
                "backgroundColor": "#F93E60",
                "borderRadius": 50,
                "opacity": 1,
                "padding": 10,
                "paddingVertical": 3,
              }
            }
            testID={undefined}
            tvParallaxProperties={undefined}
          >
            <View
              style={
                Object {
                  "opacity": 1,
                }
              }
            >
              <View
                style={
                  Object {
                    "alignItems": "center",
                    "alignSelf": "stretch",
                    "flexDirection": "row",
                    "justifyContent": "center",
                  }
                }
              >
                <Text
                  accessible={true}
                  allowFontScaling={true}
                  ellipsizeMode="tail"
                  style={
                    Array [
                      Object {
                        "backgroundColor": "transparent",
                        "color": "#303C46",
                      },
                      Array [
                        Object {
                          "color": "#FFFFFF",
                          "fontSize": 16,
                        },
                        Object {
                          "fontSize": 18,
                          "paddingVertical": 4,
                        },
                      ],
                      Object {
                        "fontFamily": "SukhumvitSet-SemiBold",
                      },
                    ]
                  }
                >
                  Pay Now
                </Text>
              </View>
            </View>
          </View>
        </View>
        <View
          style={
            Object {
              "alignSelf": "stretch",
              "flexDirection": "column",
              "justifyContent": "center",
            }
          }
        >
          <View
            style={
              Object {
                "elevation": 1,
                "flex": 1,
                "padding": 10,
              }
            }
          />
          <View
            style={
              Object {
                "backgroundColor": "#E9E9EA",
                "flex": 1,
                "padding": 10,
              }
            }
          />
          <View
            style={
              Object {
                "alignSelf": "center",
                "backgroundColor": "#FFFFFF",
                "borderBottomLeftRadius": 50,
                "borderBottomRightRadius": 50,
                "paddingBottom": 4,
                "paddingHorizontal": 10,
                "position": "absolute",
                "top": 10,
              }
            }
          >
            <Text
              accessible={true}
              allowFontScaling={true}
              ellipsizeMode="tail"
              style={
                Object {
                  "backgroundColor": "transparent",
                  "color": "#605E71",
                  "fontFamily": "SukhumvitSet-Bold",
                  "fontSize": 14,
                }
              }
            >
              OR
            </Text>
          </View>
        </View>
        <View
          accessibilityLabel="Landing_check&buy&pay"
          style={
            Object {
              "alignSelf": "stretch",
              "backgroundColor": "#E9E9EA",
              "flexGrow": 1,
              "justifyContent": "space-around",
              "paddingBottom": 9,
              "paddingHorizontal": 7,
              "paddingTop": 5,
            }
          }
        >
          <View
            style={
              Object {
                "alignSelf": "stretch",
                "flexDirection": "row",
                "justifyContent": "space-around",
              }
            }
          >
            <View
              accessibilityComponentType={undefined}
              accessibilityLabel={undefined}
              accessibilityTraits={undefined}
              accessible={true}
              collapsable={undefined}
              hitSlop={undefined}
              isTVSelectable={true}
              nativeID={undefined}
              onLayout={undefined}
              onResponderGrant={[Function]}
              onResponderMove={[Function]}
              onResponderRelease={[Function]}
              onResponderTerminate={[Function]}
              onResponderTerminationRequest={[Function]}
              onStartShouldSetResponder={[Function]}
              style={
                Object {
                  "borderRadius": 15,
                  "flex": 1,
                  "opacity": 1,
                  "paddingHorizontal": 5,
                }
              }
              testID={undefined}
              tvParallaxProperties={undefined}
            >
              <View
                style={
                  Object {
                    "opacity": 1,
                  }
                }
              >
                <View
                  style={
                    Object {
                      "alignItems": "center",
                      "backgroundColor": "#FFFFFF",
                      "borderRadius": 8.5,
                      "elevation": 3,
                      "marginBottom": 4,
                      "paddingBottom": 2,
                      "paddingTop": 6,
                      "shadowColor": "#303C46",
                      "shadowOffset": Object {
                        "height": 2,
                        "width": 1,
                      },
                      "shadowOpacity": 0.5,
                      "shadowRadius": 2,
                    }
                  }
                >
                  <Text
                    accessible={true}
                    allowFontScaling={false}
                    ellipsizeMode="tail"
                    style={
                      Array [
                        Object {
                          "color": undefined,
                          "fontSize": 12,
                        },
                        Array [
                          Object {
                            "color": "#F93E60",
                            "fontSize": 30,
                            "padding": 1,
                          },
                          Object {
                            "color": "#FBBC1E",
                          },
                        ],
                        Object {
                          "fontFamily": "iservice",
                          "fontStyle": "normal",
                          "fontWeight": "normal",
                        },
                      ]
                    }
                  >
                    Ó§Ö
                  </Text>
                  <Text
                    accessible={true}
                    allowFontScaling={true}
                    ellipsizeMode="tail"
                    style={
                      Object {
                        "backgroundColor": "transparent",
                        "color": "#000000",
                        "fontFamily": "SukhumvitSet-Bold",
                        "fontSize": 16,
                      }
                    }
                  >
                    Check
                  </Text>
                  <View
                    style={
                      Object {
                        "alignItems": "flex-end",
                        "flexDirection": "row-reverse",
                        "marginTop": -5,
                      }
                    }
                  >
                    <Text
                      accessible={true}
                      allowFontScaling={true}
                      ellipsizeMode="tail"
                      noOfLines={1}
                      style={
                        Object {
                          "backgroundColor": "transparent",
                          "color": "#000000",
                          "fontFamily": "SukhumvitSet-Text",
                          "fontSize": 14,
                        }
                      }
                    >
                      Usage
                    </Text>
                  </View>
                </View>
              </View>
            </View>
            <View
              accessibilityComponentType={undefined}
              accessibilityLabel={undefined}
              accessibilityTraits={undefined}
              accessible={true}
              collapsable={undefined}
              hitSlop={undefined}
              isTVSelectable={true}
              nativeID={undefined}
              onLayout={undefined}
              onResponderGrant={[Function]}
              onResponderMove={[Function]}
              onResponderRelease={[Function]}
              onResponderTerminate={[Function]}
              onResponderTerminationRequest={[Function]}
              onStartShouldSetResponder={[Function]}
              style={
                Object {
                  "borderRadius": 15,
                  "flex": 1,
                  "opacity": 1,
                  "paddingHorizontal": 5,
                }
              }
              testID={undefined}
              tvParallaxProperties={undefined}
            >
              <View
                style={
                  Object {
                    "opacity": 1,
                  }
                }
              >
                <View
                  style={
                    Object {
                      "alignItems": "center",
                      "backgroundColor": "#FFFFFF",
                      "borderRadius": 8.5,
                      "elevation": 3,
                      "marginBottom": 4,
                      "paddingBottom": 2,
                      "paddingTop": 6,
                      "shadowColor": "#303C46",
                      "shadowOffset": Object {
                        "height": 2,
                        "width": 1,
                      },
                      "shadowOpacity": 0.5,
                      "shadowRadius": 2,
                    }
                  }
                >
                  <Text
                    accessible={true}
                    allowFontScaling={false}
                    ellipsizeMode="tail"
                    style={
                      Array [
                        Object {
                          "color": undefined,
                          "fontSize": 12,
                        },
                        Array [
                          Object {
                            "color": "#F93E60",
                            "fontSize": 30,
                            "padding": 1,
                          },
                          Object {
                            "color": "#009FE3",
                          },
                        ],
                        Object {
                          "fontFamily": "iservice",
                          "fontStyle": "normal",
                          "fontWeight": "normal",
                        },
                      ]
                    }
                  >
                    Ó§É
                  </Text>
                  <Text
                    accessible={true}
                    allowFontScaling={true}
                    ellipsizeMode="tail"
                    style={
                      Object {
                        "backgroundColor": "transparent",
                        "color": "#000000",
                        "fontFamily": "SukhumvitSet-Bold",
                        "fontSize": 16,
                      }
                    }
                  >
                    Buy
                  </Text>
                  <View
                    style={
                      Object {
                        "alignItems": "flex-end",
                        "flexDirection": "row-reverse",
                        "marginTop": -5,
                      }
                    }
                  >
                    <Text
                      accessible={true}
                      allowFontScaling={true}
                      ellipsizeMode="tail"
                      noOfLines={1}
                      style={
                        Object {
                          "backgroundColor": "transparent",
                          "color": "#000000",
                          "fontFamily": "SukhumvitSet-Text",
                          "fontSize": 14,
                        }
                      }
                    >
                      Extra Package
                    </Text>
                  </View>
                </View>
              </View>
            </View>
            <View
              accessibilityComponentType={undefined}
              accessibilityLabel={undefined}
              accessibilityTraits={undefined}
              accessible={true}
              collapsable={undefined}
              hitSlop={undefined}
              isTVSelectable={true}
              nativeID={undefined}
              onLayout={undefined}
              onResponderGrant={[Function]}
              onResponderMove={[Function]}
              onResponderRelease={[Function]}
              onResponderTerminate={[Function]}
              onResponderTerminationRequest={[Function]}
              onStartShouldSetResponder={[Function]}
              style={
                Object {
                  "borderRadius": 15,
                  "flex": 1,
                  "opacity": 1,
                  "paddingHorizontal": 5,
                }
              }
              testID={undefined}
              tvParallaxProperties={undefined}
            >
              <View
                style={
                  Object {
                    "opacity": 1,
                  }
                }
              >
                <View
                  style={
                    Object {
                      "alignItems": "center",
                      "backgroundColor": "#FFFFFF",
                      "borderRadius": 8.5,
                      "elevation": 3,
                      "marginBottom": 4,
                      "paddingBottom": 2,
                      "paddingTop": 6,
                      "shadowColor": "#303C46",
                      "shadowOffset": Object {
                        "height": 2,
                        "width": 1,
                      },
                      "shadowOpacity": 0.5,
                      "shadowRadius": 2,
                    }
                  }
                >
                  <Text
                    accessible={true}
                    allowFontScaling={false}
                    ellipsizeMode="tail"
                    style={
                      Array [
                        Object {
                          "color": undefined,
                          "fontSize": 12,
                        },
                        Array [
                          Object {
                            "color": "#F93E60",
                            "fontSize": 30,
                            "padding": 1,
                          },
                          Object {
                            "color": "#E82E8A",
                          },
                        ],
                        Object {
                          "fontFamily": "iservice",
                          "fontStyle": "normal",
                          "fontWeight": "normal",
                        },
                      ]
                    }
                  >
                    Ó§Ñ
                  </Text>
                  <Text
                    accessible={true}
                    allowFontScaling={true}
                    ellipsizeMode="tail"
                    style={
                      Object {
                        "backgroundColor": "transparent",
                        "color": "#000000",
                        "fontFamily": "SukhumvitSet-Bold",
                        "fontSize": 16,
                      }
                    }
                  >
                    Pay
                  </Text>
                  <View
                    style={
                      Object {
                        "alignItems": "flex-end",
                        "flexDirection": "row-reverse",
                        "marginTop": -5,
                      }
                    }
                  >
                    <Text
                      accessible={true}
                      allowFontScaling={true}
                      ellipsizeMode="tail"
                      noOfLines={1}
                      style={
                        Object {
                          "backgroundColor": "transparent",
                          "color": "#000000",
                          "fontFamily": "SukhumvitSet-Text",
                          "fontSize": 14,
                        }
                      }
                    >
                      for Other
                    </Text>
                  </View>
                </View>
              </View>
            </View>
          </View>
        </View>
      </View>
    </View>
    <View
      style={
        Object {
          "alignItems": "center",
          "paddingBottom": 8,
          "paddingTop": 10,
        }
      }
    >
      <Text
        accessible={true}
        allowFontScaling={true}
        ellipsizeMode="tail"
        style={
          Object {
            "backgroundColor": "transparent",
            "color": "#303C46",
            "fontFamily": "SukhumvitSet-Text",
          }
        }
      >
        Get Full Access
      </Text>
    </View>
    <View
      accessibilityComponentType={undefined}
      accessibilityLabel="landingPage_button_loginWithTrueId"
      accessibilityTraits={undefined}
      accessible={true}
      collapsable={undefined}
      hitSlop={undefined}
      isTVSelectable={true}
      nativeID={undefined}
      onLayout={undefined}
      onResponderGrant={[Function]}
      onResponderMove={[Function]}
      onResponderRelease={[Function]}
      onResponderTerminate={[Function]}
      onResponderTerminationRequest={[Function]}
      onStartShouldSetResponder={[Function]}
      style={
        Object {
          "alignSelf": "stretch",
          "backgroundColor": "#FFFFFF",
          "borderColor": "#F93E60",
          "borderRadius": 50,
          "borderWidth": 1,
          "marginBottom": 16,
          "marginHorizontal": 30,
          "opacity": 1,
          "padding": 10,
          "paddingVertical": 5,
        }
      }
      testID="landingPage_button_loginWithTrueId"
      tvParallaxProperties={undefined}
    >
      <View
        style={
          Object {
            "opacity": 1,
          }
        }
      >
        <View
          style={
            Object {
              "alignItems": "center",
              "alignSelf": "stretch",
              "flexDirection": "row",
              "justifyContent": "center",
            }
          }
        >
          <Text
            accessible={true}
            allowFontScaling={true}
            ellipsizeMode="tail"
            style={
              Array [
                Object {
                  "backgroundColor": "transparent",
                  "color": "#303C46",
                },
                Array [
                  Object {
                    "color": "#303C46",
                    "fontSize": 16,
                  },
                  Object {
                    "color": "#F93E60",
                    "fontSize": 18,
                  },
                ],
                Object {
                  "fontFamily": "SukhumvitSet-Bold",
                },
              ]
            }
          >
            Login with TrueID
          </Text>
        </View>
      </View>
    </View>
    <View
      accessibilityLabel="Landing_registerLink"
      style={
        Object {
          "alignItems": "center",
          "backgroundColor": "#E9E9EA",
          "flexDirection": "row",
          "justifyContent": "center",
          "paddingVertical": 5,
        }
      }
    >
      <Text
        accessible={true}
        allowFontScaling={true}
        ellipsizeMode="tail"
        style={
          Object {
            "backgroundColor": "transparent",
            "color": "#605E71",
            "fontFamily": "SukhumvitSet-Text",
          }
        }
      >
        Don't have TrueID ?
      </Text>
      <View
        accessibilityComponentType={undefined}
        accessibilityLabel={undefined}
        accessibilityTraits={undefined}
        accessible={true}
        collapsable={undefined}
        hitSlop={undefined}
        isTVSelectable={true}
        nativeID={undefined}
        onLayout={undefined}
        onResponderGrant={[Function]}
        onResponderMove={[Function]}
        onResponderRelease={[Function]}
        onResponderTerminate={[Function]}
        onResponderTerminationRequest={[Function]}
        onStartShouldSetResponder={[Function]}
        style={
          Object {
            "alignSelf": "stretch",
            "backgroundColor": "transparent",
            "borderRadius": 50,
            "borderWidth": 0,
            "opacity": 1,
            "padding": 5,
          }
        }
        testID={undefined}
        tvParallaxProperties={undefined}
      >
        <View
          style={
            Object {
              "opacity": 1,
            }
          }
        >
          <View
            style={
              Object {
                "alignItems": "center",
                "alignSelf": "stretch",
                "flexDirection": "row",
                "justifyContent": "center",
              }
            }
          >
            <Text
              accessible={true}
              allowFontScaling={true}
              ellipsizeMode="tail"
              style={
                Array [
                  Object {
                    "backgroundColor": "transparent",
                    "color": "#303C46",
                  },
                  Array [
                    Object {
                      "color": "#F93E60",
                      "fontSize": 16,
                    },
                    Object {
                      "fontSize": 14,
                    },
                  ],
                  Object {
                    "fontFamily": "SukhumvitSet-Text",
                  },
                ]
              }
            >
              Register Here
            </Text>
          </View>
        </View>
      </View>
    </View>
  </View>
</RCTScrollView>
`;
