// Jest Snapshot v1, https://goo.gl/fbAQLP

exports[`Launch component renders correctly 1`] = `<View />`;
