// Jest Snapshot v1, https://goo.gl/fbAQLP

exports[`ISWebView component renders correctly 1`] = `
<View
  style={
    Object {
      "flex": 1,
    }
  }
>
  <View
    style={
      Object {
        "backgroundColor": "rgba(48,60,70,0.9)",
        "bottom": 0,
        "left": 0,
        "position": "absolute",
        "right": 0,
        "top": 0,
      }
    }
  >
    <View
      animation="zoomIn"
      duration={1000}
      style={
        Object {
          "alignItems": "center",
          "flex": 1,
          "justifyContent": "center",
        }
      }
    >
      <ActivityIndicator
        animating={true}
        color="#FFFFFF"
        hidesWhenStopped={true}
        size="large"
      />
    </View>
  </View>
</View>
`;
