// Jest Snapshot v1, https://goo.gl/fbAQLP

exports[`ResendOTPCounter component renders correctly 1`] = `
<Text
  accessible={true}
  allowFontScaling={true}
  ellipsizeMode="tail"
  onPress={[Function]}
  style={
    Object {
      "backgroundColor": "transparent",
      "color": "#303C46",
      "fontFamily": "SukhumvitSet-SemiBold",
    }
  }
>
  Resend
</Text>
`;
